Component: ARM Compiler 6.16 Tool: armlink [5dfeaa00]

==============================================================================

Section Cross References

    startup_stm32g431xx.o(STACK) refers (Special) to heapauxi.o(.text) for __use_two_region_memory
    startup_stm32g431xx.o(HEAP) refers (Special) to heapauxi.o(.text) for __use_two_region_memory
    startup_stm32g431xx.o(RESET) refers (Special) to heapauxi.o(.text) for __use_two_region_memory
    startup_stm32g431xx.o(RESET) refers to startup_stm32g431xx.o(STACK) for __initial_sp
    startup_stm32g431xx.o(RESET) refers to startup_stm32g431xx.o(.text) for Reset_Handler
    startup_stm32g431xx.o(RESET) refers to stm32_mc_common_it.o(.text.HardFault_Handler) for HardFault_Handler
    startup_stm32g431xx.o(RESET) refers to stm32_mc_common_it.o(.text.SysTick_Handler) for SysTick_Handler
    startup_stm32g431xx.o(RESET) refers to stm32g4xx_mc_it.o(.text.ADC1_2_IRQHandler) for ADC1_2_IRQHandler
    startup_stm32g431xx.o(RESET) refers to stm32g4xx_mc_it.o(.text.TIM1_BRK_TIM15_IRQHandler) for TIM1_BRK_TIM15_IRQHandler
    startup_stm32g431xx.o(RESET) refers to stm32g4xx_mc_it.o(.text.TIM1_UP_TIM16_IRQHandler) for TIM1_UP_TIM16_IRQHandler
    startup_stm32g431xx.o(RESET) refers to stm32g4xx_mc_it.o(.text.TIM2_IRQHandler) for TIM2_IRQHandler
    startup_stm32g431xx.o(RESET) refers to stm32_mc_common_it.o(.text.USART2_IRQHandler) for USART2_IRQHandler
    startup_stm32g431xx.o(RESET) refers to stm32_mc_common_it.o(.text.EXTI15_10_IRQHandler) for EXTI15_10_IRQHandler
    startup_stm32g431xx.o(.text) refers (Special) to heapauxi.o(.text) for __use_two_region_memory
    startup_stm32g431xx.o(.text) refers to system_stm32g4xx.o(.text.SystemInit) for SystemInit
    startup_stm32g431xx.o(.text) refers to __main.o(!!!main) for __main
    startup_stm32g431xx.o(.text) refers to startup_stm32g431xx.o(HEAP) for Heap_Mem
    startup_stm32g431xx.o(.text) refers to startup_stm32g431xx.o(STACK) for Stack_Mem
    main.o(.text.main) refers to stm32g4xx_hal.o(.text.HAL_Init) for HAL_Init
    main.o(.text.main) refers to main.o(.text.SystemClock_Config) for SystemClock_Config
    main.o(.text.main) refers to stm32g4xx_ll_exti.o(.text.LL_EXTI_Init) for LL_EXTI_Init
    main.o(.text.main) refers to stm32g4xx_ll_gpio.o(.text.LL_GPIO_Init) for LL_GPIO_Init
    main.o(.text.main) refers to stm32g4xx_ll_adc.o(.text.LL_ADC_Init) for LL_ADC_Init
    main.o(.text.main) refers to stm32g4xx_ll_adc.o(.text.LL_ADC_REG_Init) for LL_ADC_REG_Init
    main.o(.text.main) refers to stm32g4xx_ll_adc.o(.text.LL_ADC_CommonInit) for LL_ADC_CommonInit
    main.o(.text.main) refers to stm32g4xx_ll_adc.o(.text.LL_ADC_INJ_Init) for LL_ADC_INJ_Init
    main.o(.text.main) refers to rt_memclr_w.o(.text) for __aeabi_memclr4
    main.o(.text.main) refers to stm32g4xx_ll_tim.o(.text.LL_TIM_Init) for LL_TIM_Init
    main.o(.text.main) refers to stm32g4xx_ll_tim.o(.text.LL_TIM_OC_Init) for LL_TIM_OC_Init
    main.o(.text.main) refers to stm32g4xx_ll_tim.o(.text.LL_TIM_BDTR_Init) for LL_TIM_BDTR_Init
    main.o(.text.main) refers to stm32g4xx_ll_usart.o(.text.LL_USART_Init) for LL_USART_Init
    main.o(.text.main) refers to motorcontrol.o(.text.MX_MotorControl_Init) for MX_MotorControl_Init
    main.o(.ARM.exidx.text.main) refers to main.o(.text.main) for [Anonymous Symbol]
    main.o(.text.SystemClock_Config) refers to stm32g4xx_ll_utils.o(.text.LL_SetSystemCoreClock) for LL_SetSystemCoreClock
    main.o(.text.SystemClock_Config) refers to stm32g4xx_hal.o(.text.HAL_InitTick) for HAL_InitTick
    main.o(.ARM.exidx.text.SystemClock_Config) refers to main.o(.text.SystemClock_Config) for [Anonymous Symbol]
    main.o(.ARM.exidx.text.Error_Handler) refers to main.o(.text.Error_Handler) for [Anonymous Symbol]
    motorcontrol.o(.text.MX_MotorControl_Init) refers to stm32g4xx_hal_rcc.o(.text.HAL_RCC_GetHCLKFreq) for HAL_RCC_GetHCLKFreq
    motorcontrol.o(.text.MX_MotorControl_Init) refers to stm32g4xx_hal_cortex.o(.text.HAL_SYSTICK_Config) for HAL_SYSTICK_Config
    motorcontrol.o(.text.MX_MotorControl_Init) refers to stm32g4xx_hal.o(.data..L_MergedGlobals) for uwTickPrio
    motorcontrol.o(.text.MX_MotorControl_Init) refers to stm32g4xx_hal_cortex.o(.text.HAL_NVIC_SetPriority) for HAL_NVIC_SetPriority
    motorcontrol.o(.text.MX_MotorControl_Init) refers to motorcontrol.o(.bss.pMCI) for pMCI
    motorcontrol.o(.text.MX_MotorControl_Init) refers to mc_tasks.o(.text.MCboot) for MCboot
    motorcontrol.o(.text.MX_MotorControl_Init) refers to mc_tasks.o(.text.mc_lock_pins) for mc_lock_pins
    motorcontrol.o(.ARM.exidx.text.MX_MotorControl_Init) refers to motorcontrol.o(.text.MX_MotorControl_Init) for [Anonymous Symbol]
    pwm_common.o(.ARM.exidx.text.startTimers) refers to pwm_common.o(.text.startTimers) for [Anonymous Symbol]
    pwm_common.o(.ARM.exidx.text.waitForPolarizationEnd) refers to pwm_common.o(.text.waitForPolarizationEnd) for [Anonymous Symbol]
[...]
    __rt_exit_exit                           0x080002b1   Thumb Code     0  rtexit2.o(.ARM.Collect$$rtexit$$00000004)
    Reset_Handler                            0x080002b9   Thumb Code     8  startup_stm32g431xx.o(.text)
    NMI_Handler                              0x080002c1   Thumb Code     2  startup_stm32g431xx.o(.text)
    MemManage_Handler                        0x080002c5   Thumb Code     2  startup_stm32g431xx.o(.text)
    BusFault_Handler                         0x080002c7   Thumb Code     2  startup_stm32g431xx.o(.text)
    UsageFault_Handler                       0x080002c9   Thumb Code     2  startup_stm32g431xx.o(.text)
    SVC_Handler                              0x080002cb   Thumb Code     2  startup_stm32g431xx.o(.text)
    DebugMon_Handler                         0x080002cd   Thumb Code     2  startup_stm32g431xx.o(.text)
    PendSV_Handler                           0x080002cf   Thumb Code     2  startup_stm32g431xx.o(.text)
    COMP1_2_3_IRQHandler                     0x080002d3   Thumb Code     0  startup_stm32g431xx.o(.text)
    COMP4_IRQHandler                         0x080002d3   Thumb Code     0  startup_stm32g431xx.o(.text)
    CORDIC_IRQHandler                        0x080002d3   Thumb Code     0  startup_stm32g431xx.o(.text)
    CRS_IRQHandler                           0x080002d3   Thumb Code     0  startup_stm32g431xx.o(.text)
    DMA1_Channel1_IRQHandler                 0x080002d3   Thumb Code     0  startup_stm32g431xx.o(.text)
    DMA1_Channel2_IRQHandler                 0x080002d3   Thumb Code     0  startup_stm32g431xx.o(.text)
    DMA1_Channel3_IRQHandler                 0x080002d3   Thumb Code     0  startup_stm32g431xx.o(.text)
    DMA1_Channel4_IRQHandler                 0x080002d3   Thumb Code     0  startup_stm32g431xx.o(.text)
    DMA1_Channel5_IRQHandler                 0x080002d3   Thumb Code     0  startup_stm32g431xx.o(.text)
    DMA1_Channel6_IRQHandler                 0x080002d3   Thumb Code     0  startup_stm32g431xx.o(.text)
    DMA2_Channel1_IRQHandler                 0x080002d3   Thumb Code     0  startup_stm32g431xx.o(.text)
    DMA2_Channel2_IRQHandler                 0x080002d3   Thumb Code     0  startup_stm32g431xx.o(.text)
    DMA2_Channel3_IRQHandler                 0x080002d3   Thumb Code     0  startup_stm32g431xx.o(.text)
    DMA2_Channel4_IRQHandler                 0x080002d3   Thumb Code     0  startup_stm32g431xx.o(.text)
    DMA2_Channel5_IRQHandler                 0x080002d3   Thumb Code     0  startup_stm32g431xx.o(.text)
    DMA2_Channel6_IRQHandler                 0x080002d3   Thumb Code     0  startup_stm32g431xx.o(.text)
    DMAMUX_OVR_IRQHandler                    0x080002d3   Thumb Code     0  startup_stm32g431xx.o(.text)
    EXTI0_IRQHandler                         0x080002d3   Thumb Code     0  startup_stm32g431xx.o(.text)
    EXTI1_IRQHandler                         0x080002d3   Thumb Code     0  startup_stm32g431xx.o(.text)
    EXTI2_IRQHandler                         0x080002d3   Thumb Code     0  startup_stm32g431xx.o(.text)
    EXTI3_IRQHandler                         0x080002d3   Thumb Code     0  startup_stm32g431xx.o(.text)
    EXTI4_IRQHandler                         0x080002d3   Thumb Code     0  startup_stm32g431xx.o(.text)
    EXTI9_5_IRQHandler                       0x080002d3   Thumb Code     0  startup_stm32g431xx.o(.text)
    FDCAN1_IT0_IRQHandler                    0x080002d3   Thumb Code     0  startup_stm32g431xx.o(.text)
    FDCAN1_IT1_IRQHandler                    0x080002d3   Thumb Code     0  startup_stm32g431xx.o(.text)
    FLASH_IRQHandler                         0x080002d3   Thumb Code     0  startup_stm32g431xx.o(.text)
    FMAC_IRQHandler                          0x080002d3   Thumb Code     0  startup_stm32g431xx.o(.text)
    FPU_IRQHandler                           0x080002d3   Thumb Code     0  startup_stm32g431xx.o(.text)
    I2C1_ER_IRQHandler                       0x080002d3   Thumb Code     0  startup_stm32g431xx.o(.text)
    I2C1_EV_IRQHandler                       0x080002d3   Thumb Code     0  startup_stm32g431xx.o(.text)
    I2C2_ER_IRQHandler                       0x080002d3   Thumb Code     0  startup_stm32g431xx.o(.text)
    I2C2_EV_IRQHandler                       0x080002d3   Thumb Code     0  startup_stm32g431xx.o(.text)
    I2C3_ER_IRQHandler                       0x080002d3   Thumb Code     0  startup_stm32g431xx.o(.text)
    I2C3_EV_IRQHandler                       0x080002d3   Thumb Code     0  startup_stm32g431xx.o(.text)
    LPTIM1_IRQHandler                        0x080002d3   Thumb Code     0  startup_stm32g431xx.o(.text)
    LPUART1_IRQHandler                       0x080002d3   Thumb Code     0  startup_stm32g431xx.o(.text)
    PVD_PVM_IRQHandler                       0x080002d3   Thumb Code     0  startup_stm32g431xx.o(.text)
    RCC_IRQHandler                           0x080002d3   Thumb Code     0  startup_stm32g431xx.o(.text)
    RNG_IRQHandler                           0x080002d3   Thumb Code     0  startup_stm32g431xx.o(.text)
    RTC_Alarm_IRQHandler                     0x080002d3   Thumb Code     0  startup_stm32g431xx.o(.text)
    RTC_TAMP_LSECSS_IRQHandler               0x080002d3   Thumb Code     0  startup_stm32g431xx.o(.text)
    RTC_WKUP_IRQHandler                      0x080002d3   Thumb Code     0  startup_stm32g431xx.o(.text)
    SAI1_IRQHandler                          0x080002d3   Thumb Code     0  startup_stm32g431xx.o(.text)
    SPI1_IRQHandler                          0x080002d3   Thumb Code     0  startup_stm32g431xx.o(.text)
    SPI2_IRQHandler                          0x080002d3   Thumb Code     0  startup_stm32g431xx.o(.text)
    SPI3_IRQHandler                          0x080002d3   Thumb Code     0  startup_stm32g431xx.o(.text)
    TIM1_CC_IRQHandler                       0x080002d3   Thumb Code     0  startup_stm32g431xx.o(.text)
    TIM1_TRG_COM_TIM17_IRQHandler            0x080002d3   Thumb Code     0  startup_stm32g431xx.o(.text)
    TIM3_IRQHandler                          0x080002d3   Thumb Code     0  startup_stm32g431xx.o(.text)
    TIM4_IRQHandler                          0x080002d3   Thumb Code     0  startup_stm32g431xx.o(.text)
    TIM6_DAC_IRQHandler                      0x080002d3   Thumb Code     0  startup_stm32g431xx.o(.text)
    TIM7_IRQHandler                          0x080002d3   Thumb Code     0  startup_stm32g431xx.o(.text)
    TIM8_BRK_IRQHandler                      0x080002d3   Thumb Code     0  startup_stm32g431xx.o(.text)
    TIM8_CC_IRQHandler                       0x080002d3   Thumb Code     0  startup_stm32g431xx.o(.text)
    TIM8_TRG_COM_IRQHandler                  0x080002d3   Thumb Code     0  startup_stm32g431xx.o(.text)
    TIM8_UP_IRQHandler                       0x080002d3   Thumb Code     0  startup_stm32g431xx.o(.text)
    UART4_IRQHandler                         0x080002d3   Thumb Code     0  startup_stm32g431xx.o(.text)
    UCPD1_IRQHandler                         0x080002d3   Thumb Code     0  startup_stm32g431xx.o(.text)
    USART1_IRQHandler                        0x080002d3   Thumb Code     0  startup_stm32g431xx.o(.text)
    USART3_IRQHandler                        0x080002d3   Thumb Code     0  startup_stm32g431xx.o(.text)
    USBWakeUp_IRQHandler                     0x080002d3   Thumb Code     0  startup_stm32g431xx.o(.text)
    USB_HP_IRQHandler                        0x080002d3   Thumb Code     0  startup_stm32g431xx.o(.text)
    USB_LP_IRQHandler                        0x080002d3   Thumb Code     0  startup_stm32g431xx.o(.text)
    WWDG_IRQHandler                          0x080002d3   Thumb Code     0  startup_stm32g431xx.o(.text)
    __user_initial_stackheap                 0x080002d5   Thumb Code     0  startup_stm32g431xx.o(.text)
    __aeabi_memcpy                           0x080002f9   Thumb Code     0  rt_memcpy_v6.o(.text)
    __rt_memcpy                              0x080002f9   Thumb Code   138  rt_memcpy_v6.o(.text)
    _memcpy_lastbytes                        0x0800035f   Thumb Code     0  rt_memcpy_v6.o(.text)
    __aeabi_memcpy4                          0x08000383   Thumb Code     0  rt_memcpy_w.o(.text)
    __aeabi_memcpy8                          0x08000383   Thumb Code     0  rt_memcpy_w.o(.text)
    __rt_memcpy_w                            0x08000383   Thumb Code   100  rt_memcpy_w.o(.text)
    _memcpy_lastbytes_aligned                0x080003cb   Thumb Code     0  rt_memcpy_w.o(.text)
    __aeabi_memclr                           0x080003e7   Thumb Code     0  rt_memclr.o(.text)
    __rt_memclr                              0x080003e7   Thumb Code     0  rt_memclr.o(.text)
    _memset                                  0x080003eb   Thumb Code    64  rt_memclr.o(.text)
    __aeabi_memclr4                          0x0800042b   Thumb Code     0  rt_memclr_w.o(.text)
    __aeabi_memclr8                          0x0800042b   Thumb Code     0  rt_memclr_w.o(.text)
    __rt_memclr_w                            0x0800042b   Thumb Code     0  rt_memclr_w.o(.text)
    _memset_w                                0x0800042f   Thumb Code    74  rt_memclr_w.o(.text)
    __use_two_region_memory                  0x08000479   Thumb Code     2  heapauxi.o(.text)
    __rt_heap_escrow$2region                 0x0800047b   Thumb Code     2  heapauxi.o(.text)
    __rt_heap_expand$2region                 0x0800047d   Thumb Code     2  heapauxi.o(.text)
    __user_setup_stackheap                   0x0800047f   Thumb Code    74  sys_stackheap_outer.o(.text)
    exit                                     0x080004c9   Thumb Code    18  exit.o(.text)
    __user_libspace                          0x080004dd   Thumb Code     8  libspace.o(.text)
    __user_perproc_libspace                  0x080004dd   Thumb Code     0  libspace.o(.text)
    __user_perthread_libspace                0x080004dd   Thumb Code     0  libspace.o(.text)
    _sys_exit                                0x080004e5   Thumb Code     8  sys_exit.o(.text)
    __I$use$semihosting                      0x080004f1   Thumb Code     0  use_no_semi.o(.text)
    __use_no_semihosting_swi                 0x080004f1   Thumb Code     2  use_no_semi.o(.text)
    __semihosting_library_function           0x080004f3   Thumb Code     0  indicate_semi.o(.text)
    ADC1_2_IRQHandler                        0x080004f5   Thumb Code   108  stm32g4xx_mc_it.o(.text.ADC1_2_IRQHandler)
    ASPEP_HWDataReceivedIT                   0x08000561   Thumb Code   166  aspep.o(.text.ASPEP_HWDataReceivedIT)
    ASPEP_HWDataTransmittedIT                0x08000609   Thumb Code   176  aspep.o(.text.ASPEP_HWDataTransmittedIT)
    ASPEP_HWReset                            0x080006b9   Thumb Code    30  aspep.o(.text.ASPEP_HWReset)
    ASPEP_RXframeProcess                     0x080006d9   Thumb Code  1500  aspep.o(.text.ASPEP_RXframeProcess)
    ASPEP_getBuffer                          0x08000d9d   Thumb Code    92  aspep.o(.text.ASPEP_getBuffer)
    ASPEP_sendPacket                         0x08000df9   Thumb Code    80  aspep.o(.text.ASPEP_sendPacket)
    ASPEP_start                              0x08000e49   Thumb Code    38  aspep.o(.text.ASPEP_start)
    BADC_CalcAvrgElSpeedDpp                  0x08000e71   Thumb Code   318  g4xx_bemf_adc_fdbk.o(.text.BADC_CalcAvrgElSpeedDpp)
    BADC_CalcAvrgMecSpeedUnit                0x08000fb1   Thumb Code   136  g4xx_bemf_adc_fdbk.o(.text.BADC_CalcAvrgMecSpeedUnit)
    BADC_CalcElAngle                         0x08001039   Thumb Code    62  g4xx_bemf_adc_fdbk.o(.text.BADC_CalcElAngle)
    BADC_CalcRevUpDemagTime                  0x08001079   Thumb Code    70  g4xx_bemf_adc_fdbk.o(.text.BADC_CalcRevUpDemagTime)
    BADC_CalcRunDemagTime                    0x080010c1   Thumb Code    54  g4xx_bemf_adc_fdbk.o(.text.BADC_CalcRunDemagTime)
    BADC_Clear                               0x080010f9   Thumb Code    32  g4xx_bemf_adc_fdbk.o(.text.BADC_Clear)
    BADC_GetBemfSensorlessParam              0x08001119   Thumb Code    78  g4xx_bemf_adc_fdbk.o(.text.BADC_GetBemfSensorlessParam)
    BADC_Init                                0x08001169   Thumb Code   964  g4xx_bemf_adc_fdbk.o(.text.BADC_Init)
    BADC_IsObserverConverged                 0x0800152d   Thumb Code     6  g4xx_bemf_adc_fdbk.o(.text.BADC_IsObserverConverged)
    BADC_IsZcDetected                        0x08001535   Thumb Code   232  g4xx_bemf_adc_fdbk.o(.text.BADC_IsZcDetected)
    BADC_SetBemfSensorlessParam              0x0800161d   Thumb Code    80  g4xx_bemf_adc_fdbk.o(.text.BADC_SetBemfSensorlessParam)
    BADC_SetDirection                        0x0800166d   Thumb Code    10  g4xx_bemf_adc_fdbk.o(.text.BADC_SetDirection)
    BADC_SetLoopClosed                       0x08001679   Thumb Code    42  g4xx_bemf_adc_fdbk.o(.text.BADC_SetLoopClosed)
    BADC_SetSamplingPoint                    0x080016a5   Thumb Code   188  g4xx_bemf_adc_fdbk.o(.text.BADC_SetSamplingPoint)
    BADC_SpeedMeasureOff                     0x08001761   Thumb Code    14  g4xx_bemf_adc_fdbk.o(.text.BADC_SpeedMeasureOff)
    BADC_Start                               0x08001771   Thumb Code   348  g4xx_bemf_adc_fdbk.o(.text.BADC_Start)
    BADC_StepChangeEvent                     0x080018cd   Thumb Code   118  g4xx_bemf_adc_fdbk.o(.text.BADC_StepChangeEvent)
    BADC_Stop                                0x08001945   Thumb Code   108  g4xx_bemf_adc_fdbk.o(.text.BADC_Stop)
    EXTI15_10_IRQHandler                     0x080019b1   Thumb Code    26  stm32_mc_common_it.o(.text.EXTI15_10_IRQHandler)
    HAL_IncTick                              0x080019cd   Thumb Code    26  stm32g4xx_hal.o(.text.HAL_IncTick)
    HAL_Init                                 0x080019e9   Thumb Code    46  stm32g4xx_hal.o(.text.HAL_Init)
    HAL_InitTick                             0x08001a19   Thumb Code    78  stm32g4xx_hal.o(.text.HAL_InitTick)
    HAL_MspInit                              0x08001a69   Thumb Code    64  stm32g4xx_hal_msp.o(.text.HAL_MspInit)
    HAL_NVIC_SetPriority                     0x08001aa9   Thumb Code    86  stm32g4xx_hal_cortex.o(.text.HAL_NVIC_SetPriority)
    HAL_NVIC_SetPriorityGrouping             0x08001b01   Thumb Code    32  stm32g4xx_hal_cortex.o(.text.HAL_NVIC_SetPriorityGrouping)
    HAL_PWREx_DisableUCPDDeadBattery         0x08001b21   Thumb Code    18  stm32g4xx_hal_pwr_ex.o(.text.HAL_PWREx_DisableUCPDDeadBattery)
    HAL_RCC_GetHCLKFreq                      0x08001b35   Thumb Code    12  stm32g4xx_hal_rcc.o(.text.HAL_RCC_GetHCLKFreq)
    HAL_SYSTICK_Callback                     0x08001b41   Thumb Code     2  stm32g4xx_hal_cortex.o(.text.HAL_SYSTICK_Callback)
    HAL_SYSTICK_Config                       0x08001b45   Thumb Code    44  stm32g4xx_hal_cortex.o(.text.HAL_SYSTICK_Config)
    HAL_SYSTICK_IRQHandler                   0x08001b71   Thumb Code     4  stm32g4xx_hal_cortex.o(.text.HAL_SYSTICK_IRQHandler)
    HardFault_Handler                        0x08001b75   Thumb Code     6  stm32_mc_common_it.o(.text.HardFault_Handler)
    LL_ADC_CommonInit                        0x08001b7d   Thumb Code    78  stm32g4xx_ll_adc.o(.text.LL_ADC_CommonInit)
    LL_ADC_INJ_Init                          0x08001bcd   Thumb Code    62  stm32g4xx_ll_adc.o(.text.LL_ADC_INJ_Init)
    LL_ADC_Init                              0x08001c0d   Thumb Code    40  stm32g4xx_ll_adc.o(.text.LL_ADC_Init)
    LL_ADC_REG_Init                          0x08001c35   Thumb Code    82  stm32g4xx_ll_adc.o(.text.LL_ADC_REG_Init)
    LL_EXTI_Init                             0x08001c89   Thumb Code   416  stm32g4xx_ll_exti.o(.text.LL_EXTI_Init)
    LL_GPIO_Init                             0x08001e29   Thumb Code   226  stm32g4xx_ll_gpio.o(.text.LL_GPIO_Init)
    LL_RCC_GetUARTClockFreq                  0x08001f0d   Thumb Code   320  stm32g4xx_ll_rcc.o(.text.LL_RCC_GetUARTClockFreq)
    LL_RCC_GetUSARTClockFreq                 0x0800204d   Thumb Code   732  stm32g4xx_ll_rcc.o(.text.LL_RCC_GetUSARTClockFreq)
    LL_SetSystemCoreClock                    0x08002329   Thumb Code    12  stm32g4xx_ll_utils.o(.text.LL_SetSystemCoreClock)
    LL_TIM_BDTR_Init                         0x08002335   Thumb Code   156  stm32g4xx_ll_tim.o(.text.LL_TIM_BDTR_Init)
    LL_TIM_Init                              0x080023d1   Thumb Code   258  stm32g4xx_ll_tim.o(.text.LL_TIM_Init)
    LL_TIM_OC_Init                           0x080024d5   Thumb Code   880  stm32g4xx_ll_tim.o(.text.LL_TIM_OC_Init)
    LL_USART_Init                            0x08002845   Thumb Code   268  stm32g4xx_ll_usart.o(.text.LL_USART_Init)
    MCI_ExecBufferedCommands                 0x08002981   Thumb Code    64  mc_interface.o(.text.MCI_ExecBufferedCommands)
    MCI_ExecSpeedRamp                        0x080029c1   Thumb Code    30  mc_interface.o(.text.MCI_ExecSpeedRamp)
    MCI_FaultAcknowledged                    0x080029e1   Thumb Code    42  mc_interface.o(.text.MCI_FaultAcknowledged)
    MCI_FaultProcessing                      0x08002a0d   Thumb Code    18  mc_interface.o(.text.MCI_FaultProcessing)
    MCI_GetAvrgMecSpeedUnit                  0x08002a21   Thumb Code    14  mc_interface.o(.text.MCI_GetAvrgMecSpeedUnit)
    MCI_GetControlMode                       0x08002a31   Thumb Code     6  mc_interface.o(.text.MCI_GetControlMode)
    MCI_GetCurrentFaults                     0x08002a39   Thumb Code     4  mc_interface.o(.text.MCI_GetCurrentFaults)
    MCI_GetDutyCycleRef                      0x08002a3d   Thumb Code     6  mc_interface.o(.text.MCI_GetDutyCycleRef)
    MCI_GetFaultState                        0x08002a45   Thumb Code    10  mc_interface.o(.text.MCI_GetFaultState)
    MCI_GetImposedMotorDirection             0x08002a51   Thumb Code    28  mc_interface.o(.text.MCI_GetImposedMotorDirection)
    MCI_GetLastRampFinalDuration             0x08002a6d   Thumb Code     4  mc_interface.o(.text.MCI_GetLastRampFinalDuration)
    MCI_GetLastRampFinalSpeed                0x08002a71   Thumb Code     6  mc_interface.o(.text.MCI_GetLastRampFinalSpeed)
    MCI_GetMecSpeedRefUnit                   0x08002a79   Thumb Code     6  mc_interface.o(.text.MCI_GetMecSpeedRefUnit)
    MCI_GetOccurredFaults                    0x08002a81   Thumb Code     4  mc_interface.o(.text.MCI_GetOccurredFaults)
    MCI_GetSTMState                          0x08002a85   Thumb Code     4  mc_interface.o(.text.MCI_GetSTMState)
    MCI_StartMotor                           0x08002a89   Thumb Code    42  mc_interface.o(.text.MCI_StartMotor)
    MCI_StopMotor                            0x08002ab5   Thumb Code    56  mc_interface.o(.text.MCI_StopMotor)
    MCI_StopRamp                             0x08002aed   Thumb Code    14  mc_interface.o(.text.MCI_StopRamp)
    MCPA_cfgLog                              0x08002afd   Thumb Code   338  mcpa.o(.text.MCPA_cfgLog)
    MCPA_dataLog                             0x08002c51   Thumb Code   730  mcpa.o(.text.MCPA_dataLog)
    MCPA_flushDataLog                        0x08002f2d   Thumb Code   172  mcpa.o(.text.MCPA_flushDataLog)
    MCP_ReceivedPacket                       0x08002fd9   Thumb Code   728  mcp.o(.text.MCP_ReceivedPacket)
    MC_APP_BootHook                          0x080032b1   Thumb Code    30  mc_app_hooks.o(.text.MC_APP_BootHook)
    MC_APP_PostMediumFrequencyHook_M1        0x080032d1   Thumb Code    32  mc_app_hooks.o(.text.MC_APP_PostMediumFrequencyHook_M1)
    MC_GetSTMStateMotor1                     0x080032f1   Thumb Code    14  mc_api.o(.text.MC_GetSTMStateMotor1)
    MC_RunMotorControlTasks                  0x08003301   Thumb Code   132  mc_tasks.o(.text.MC_RunMotorControlTasks)
    MC_StartMotor1                           0x08003385   Thumb Code    14  mc_api.o(.text.MC_StartMotor1)
    MC_StopMotor1                            0x08003395   Thumb Code    14  mc_api.o(.text.MC_StopMotor1)
    MCboot                                   0x080033a5   Thumb Code   134  mc_tasks.o(.text.MCboot)
    MX_MotorControl_Init                     0x0800342d   Thumb Code    64  motorcontrol.o(.text.MX_MotorControl_Init)
    NTC_CalcAvTemp                           0x0800346d   Thumb Code    50  ntc_temperature_sensor.o(.text.NTC_CalcAvTemp)
    NTC_GetAvTemp_C                          0x080034a1   Thumb Code    34  ntc_temperature_sensor.o(.text.NTC_GetAvTemp_C)
    NTC_Init                                 0x080034c5   Thumb Code    34  ntc_temperature_sensor.o(.text.NTC_Init)
    NTC_SetFaultState                        0x080034e9   Thumb Code    52  ntc_temperature_sensor.o(.text.NTC_SetFaultState)
    PID_GetKD                                0x0800351d   Thumb Code     6  pid_regulator.o(.text.PID_GetKD)
    PID_GetKDDivisorPOW2                     0x08003525   Thumb Code     4  pid_regulator.o(.text.PID_GetKDDivisorPOW2)
    PID_GetKI                                0x08003529   Thumb Code     6  pid_regulator.o(.text.PID_GetKI)
    PID_GetKIDivisor                         0x08003531   Thumb Code     4  pid_regulator.o(.text.PID_GetKIDivisor)
    PID_GetKIDivisorPOW2                     0x08003535   Thumb Code     4  pid_regulator.o(.text.PID_GetKIDivisorPOW2)
    PID_GetKP                                0x08003539   Thumb Code     6  pid_regulator.o(.text.PID_GetKP)
    PID_GetKPDivisorPOW2                     0x08003541   Thumb Code     4  pid_regulator.o(.text.PID_GetKPDivisorPOW2)
    PID_HandleInit                           0x08003545   Thumb Code    16  pid_regulator.o(.text.PID_HandleInit)
    PID_SetIntegralTerm                      0x08003555   Thumb Code     4  pid_regulator.o(.text.PID_SetIntegralTerm)
    PID_SetKD                                0x08003559   Thumb Code     4  pid_regulator.o(.text.PID_SetKD)
    PID_SetKDDivisorPOW2                     0x0800355d   Thumb Code    12  pid_regulator.o(.text.PID_SetKDDivisorPOW2)
    PID_SetKI                                0x08003569   Thumb Code     4  pid_regulator.o(.text.PID_SetKI)
    PID_SetKIDivisorPOW2                     0x0800356d   Thumb Code    50  pid_regulator.o(.text.PID_SetKIDivisorPOW2)
    PID_SetKP                                0x080035a1   Thumb Code     4  pid_regulator.o(.text.PID_SetKP)
    PID_SetKPDivisorPOW2                     0x080035a5   Thumb Code    12  pid_regulator.o(.text.PID_SetKPDivisorPOW2)
    PID_SetLowerIntegralTermLimit            0x080035b1   Thumb Code     4  pid_regulator.o(.text.PID_SetLowerIntegralTermLimit)
    PID_SetUpperIntegralTermLimit            0x080035b5   Thumb Code     4  pid_regulator.o(.text.PID_SetUpperIntegralTermLimit)
    PI_Controller                            0x080035b9   Thumb Code   144  pid_regulator.o(.text.PI_Controller)
    POT_Clear                                0x08003649   Thumb Code    26  potentiometer.o(.text.POT_Clear)
    POT_Init                                 0x08003665   Thumb Code    40  potentiometer.o(.text.POT_Init)
    POT_TakeMeasurement                      0x0800368d   Thumb Code    48  potentiometer.o(.text.POT_TakeMeasurement)
    PWMC_BRK_IRQHandler                      0x080036bd   Thumb Code    26  pwmc_sixstep.o(.text.PWMC_BRK_IRQHandler)
    PWMC_DisableHighFreqTask                 0x080036d9   Thumb Code    18  pwmc_sixstep.o(.text.PWMC_DisableHighFreqTask)
    PWMC_ElAngleToStep                       0x080036ed   Thumb Code   108  pwmc_sixstep.o(.text.PWMC_ElAngleToStep)
    PWMC_ForceNextStep                       0x08003759   Thumb Code    32  pwmc_sixstep.o(.text.PWMC_ForceNextStep)
    PWMC_GetLSModConfig                      0x08003779   Thumb Code    38  pwmc_sixstep.o(.text.PWMC_GetLSModConfig)
    PWMC_GetQuasiSynchState                  0x080037a1   Thumb Code     4  pwmc_sixstep.o(.text.PWMC_GetQuasiSynchState)
    PWMC_Init                                0x080037a5   Thumb Code    82  pwmc_sixstep.o(.text.PWMC_Init)
    PWMC_IsFaultOccurred                     0x080037f9   Thumb Code    44  pwmc_sixstep.o(.text.PWMC_IsFaultOccurred)
    PWMC_LoadNextStep                        0x08003825   Thumb Code   330  pwmc_sixstep.o(.text.PWMC_LoadNextStep)
    PWMC_SetADCTriggerChannel                0x08003971   Thumb Code    10  pwmc_sixstep.o(.text.PWMC_SetADCTriggerChannel)
    PWMC_SetAlignFlag                        0x0800397d   Thumb Code     4  pwmc_sixstep.o(.text.PWMC_SetAlignFlag)
    PWMC_SetLSModConfig                      0x08003981   Thumb Code    38  pwmc_sixstep.o(.text.PWMC_SetLSModConfig)
    PWMC_SetPhaseVoltage                     0x080039a9   Thumb Code    18  pwmc_sixstep.o(.text.PWMC_SetPhaseVoltage)
    PWMC_SetQuasiSynchState                  0x080039bd   Thumb Code    12  pwmc_sixstep.o(.text.PWMC_SetQuasiSynchState)
    PWMC_SwitchOffPWM                        0x080039c9   Thumb Code    92  pwmc_sixstep.o(.text.PWMC_SwitchOffPWM)
    PWMC_SwitchOnPWM                         0x08003a25   Thumb Code    84  pwmc_sixstep.o(.text.PWMC_SwitchOnPWM)
    PWMC_TurnOnLowSides                      0x08003a79   Thumb Code    98  pwmc_sixstep.o(.text.PWMC_TurnOnLowSides)
    RCM_ExecNextConv                         0x08003add   Thumb Code   130  regular_conversion_manager.o(.text.RCM_ExecNextConv)
    RCM_ExecRegularConv                      0x08003b61   Thumb Code   390  regular_conversion_manager.o(.text.RCM_ExecRegularConv)
    RCM_ExecUserConv                         0x08003ce9   Thumb Code    78  regular_conversion_manager.o(.text.RCM_ExecUserConv)
    RCM_ReadOngoingConv                      0x08003d39   Thumb Code    88  regular_conversion_manager.o(.text.RCM_ReadOngoingConv)
    RCM_RegisterRegConv                      0x08003d91   Thumb Code   482  regular_conversion_manager.o(.text.RCM_RegisterRegConv)
    RI_GetIDSize                             0x08003f75   Thumb Code    30  register_interface.o(.text.RI_GetIDSize)
    RI_GetPtrReg                             0x08003f95   Thumb Code    44  register_interface.o(.text.RI_GetPtrReg)
    RI_GetRegisterGlobal                     0x08003fc1   Thumb Code   452  register_interface.o(.text.RI_GetRegisterGlobal)
    RI_GetRegisterMotor1                     0x08004189   Thumb Code  1772  register_interface.o(.text.RI_GetRegisterMotor1)
    RI_SetRegisterGlobal                     0x08004875   Thumb Code   294  register_interface.o(.text.RI_SetRegisterGlobal)
    RI_SetRegisterMotor1                     0x0800499d   Thumb Code  1154  register_interface.o(.text.RI_SetRegisterMotor1)
    RUC_Clear                                0x08004e21   Thumb Code   142  revup_ctrl_sixstep.o(.text.RUC_Clear)
    RUC_Exec                                 0x08004eb1   Thumb Code   124  revup_ctrl_sixstep.o(.text.RUC_Exec)
    RUC_FirstAccelerationStageReached        0x08004f2d   Thumb Code    26  revup_ctrl_sixstep.o(.text.RUC_FirstAccelerationStageReached)
    RUC_GetDirection                         0x08004f49   Thumb Code    12  revup_ctrl_sixstep.o(.text.RUC_GetDirection)
    RUC_Init                                 0x08004f55   Thumb Code    84  revup_ctrl_sixstep.o(.text.RUC_Init)
    RUC_IsAlignStageNow                      0x08004fa9   Thumb Code    30  revup_ctrl_sixstep.o(.text.RUC_IsAlignStageNow)
    RUC_UpdatePulse                          0x08004fc9   Thumb Code    32  revup_ctrl_sixstep.o(.text.RUC_UpdatePulse)
    RVBS_CalcAvVbus                          0x08004fe9   Thumb Code   150  r_divider_bus_voltage_sensor.o(.text.RVBS_CalcAvVbus)
    RVBS_CheckFaultState                     0x08005081   Thumb Code    86  r_divider_bus_voltage_sensor.o(.text.RVBS_CheckFaultState)
    RVBS_Clear                               0x080050d9   Thumb Code    94  r_divider_bus_voltage_sensor.o(.text.RVBS_Clear)
    RVBS_Init                                0x08005139   Thumb Code     4  r_divider_bus_voltage_sensor.o(.text.RVBS_Init)
    SIX_STEP_Clear                           0x0800513d   Thumb Code    90  mc_tasks_sixstep.o(.text.SIX_STEP_Clear)
    SIX_STEP_HighFrequencyTask               0x08005199   Thumb Code   114  mc_tasks_sixstep.o(.text.SIX_STEP_HighFrequencyTask)
    SIX_STEP_Init                            0x0800520d   Thumb Code   124  mc_tasks_sixstep.o(.text.SIX_STEP_Init)
    SPDPOT_Init                              0x08005289   Thumb Code    24  speed_potentiometer.o(.text.SPDPOT_Init)
    SPDPOT_Run                               0x080052a1   Thumb Code   180  speed_potentiometer.o(.text.SPDPOT_Run)
    SPD_GetAvrgMecSpeedUnit                  0x08005355   Thumb Code     6  speed_pos_fdbk.o(.text.SPD_GetAvrgMecSpeedUnit)
    SPD_GetElSpeedDpp                        0x0800535d   Thumb Code     6  speed_pos_fdbk.o(.text.SPD_GetElSpeedDpp)
    SPD_IsMecSpeedReliable                   0x08005365   Thumb Code    88  speed_pos_fdbk.o(.text.SPD_IsMecSpeedReliable)
    STC_CalcSpeedReference                   0x080053bd   Thumb Code   114  speed_ctrl.o(.text.STC_CalcSpeedReference)
    STC_Clear                                0x08005431   Thumb Code    36  speed_ctrl.o(.text.STC_Clear)
    STC_ExecRamp                             0x08005455   Thumb Code   156  speed_ctrl.o(.text.STC_ExecRamp)
    STC_ForceSpeedReferenceToCurrentSpeed    0x080054f1   Thumb Code    26  speed_ctrl.o(.text.STC_ForceSpeedReferenceToCurrentSpeed)
    STC_GetDutyCycleRef                      0x0800550d   Thumb Code    10  speed_ctrl.o(.text.STC_GetDutyCycleRef)
    STC_GetMecSpeedRefUnit                   0x08005519   Thumb Code    20  speed_ctrl.o(.text.STC_GetMecSpeedRefUnit)
    STC_GetMecSpeedRefUnitDefault            0x0800552d   Thumb Code    12  speed_ctrl.o(.text.STC_GetMecSpeedRefUnitDefault)
    STC_Init                                 0x08005539   Thumb Code    52  speed_ctrl.o(.text.STC_Init)
    STC_SetControlMode                       0x0800556d   Thumb Code    12  speed_ctrl.o(.text.STC_SetControlMode)
    STC_SetSpeedSensor                       0x08005579   Thumb Code     8  speed_ctrl.o(.text.STC_SetSpeedSensor)
    SixStep_CalcSpeedRef                     0x08005581   Thumb Code    46  mc_tasks_sixstep.o(.text.SixStep_CalcSpeedRef)
    SixStep_InitAdditionalMethods            0x080055b1   Thumb Code     2  mc_tasks_sixstep.o(.text.SixStep_InitAdditionalMethods)
    SixStep_StepCommution                    0x080055b5   Thumb Code   208  mc_tasks_sixstep.o(.text.SixStep_StepCommution)
    SysTick_Handler                          0x08005685   Thumb Code    66  stm32_mc_common_it.o(.text.SysTick_Handler)
    SystemClock_Config                       0x080056c9   Thumb Code   392  main.o(.text.SystemClock_Config)
    SystemInit                               0x08005851   Thumb Code    18  system_stm32g4xx.o(.text.SystemInit)
    TIM1_BRK_TIM15_IRQHandler                0x08005865   Thumb Code    82  stm32g4xx_mc_it.o(.text.TIM1_BRK_TIM15_IRQHandler)
    TIM1_UP_TIM16_IRQHandler                 0x080058b9   Thumb Code    18  stm32g4xx_mc_it.o(.text.TIM1_UP_TIM16_IRQHandler)
    TIM2_IRQHandler                          0x080058cd   Thumb Code   120  stm32g4xx_mc_it.o(.text.TIM2_IRQHandler)
    TSK_ChargeBootCapDelayHasElapsedM1       0x08005945   Thumb Code    18  mc_tasks.o(.text.TSK_ChargeBootCapDelayHasElapsedM1)
    TSK_HardwareFaultTask                    0x08005959   Thumb Code    28  mc_tasks.o(.text.TSK_HardwareFaultTask)
    TSK_HighFrequencyTask                    0x08005975   Thumb Code    52  mc_tasks.o(.text.TSK_HighFrequencyTask)
    TSK_MediumFrequencyTaskM1                0x080059a9   Thumb Code   884  mc_tasks_sixstep.o(.text.TSK_MediumFrequencyTaskM1)
    TSK_SafetyTask                           0x08005d1d   Thumb Code    32  mc_tasks.o(.text.TSK_SafetyTask)
    TSK_SafetyTask_PWMOFF                    0x08005d3d   Thumb Code   184  mc_tasks.o(.text.TSK_SafetyTask_PWMOFF)
    TSK_SetChargeBootCapDelayM1              0x08005df5   Thumb Code    12  mc_tasks.o(.text.TSK_SetChargeBootCapDelayM1)
    TSK_SetStopPermanencyTimeM1              0x08005e01   Thumb Code    12  mc_tasks.o(.text.TSK_SetStopPermanencyTimeM1)
    TSK_StopPermanencyTimeHasElapsedM1       0x08005e0d   Thumb Code    18  mc_tasks.o(.text.TSK_StopPermanencyTimeHasElapsedM1)
    UASPEP_CFG_RECEPTION                     0x08005e21   Thumb Code    64  usart_aspep_driver.o(.text.UASPEP_CFG_RECEPTION)
    UASPEP_CFG_TRANSMISSION                  0x08005e61   Thumb Code    52  usart_aspep_driver.o(.text.UASPEP_CFG_TRANSMISSION)
    UASPEP_IDLE_ENABLE                       0x08005e95   Thumb Code    72  usart_aspep_driver.o(.text.UASPEP_IDLE_ENABLE)
    UASPEP_INIT                              0x08005edd   Thumb Code   310  usart_aspep_driver.o(.text.UASPEP_INIT)
    UI_HandleStartStopButton_cb              0x08006015   Thumb Code    24  mc_tasks.o(.text.UI_HandleStartStopButton_cb)
    USART2_IRQHandler                        0x0800602d   Thumb Code   488  stm32_mc_common_it.o(.text.USART2_IRQHandler)
    VBS_GetAvBusVoltage_V                    0x08006215   Thumb Code    10  bus_voltage_sensor.o(.text.VBS_GetAvBusVoltage_V)
    VSS_CalcAvrgMecSpeedUnit                 0x08006221   Thumb Code   144  virtual_speed_sensor.o(.text.VSS_CalcAvrgMecSpeedUnit)
    VSS_CalcElAngle                          0x080062b1   Thumb Code   170  virtual_speed_sensor.o(.text.VSS_CalcElAngle)
    VSS_Clear                                0x0800635d   Thumb Code    26  virtual_speed_sensor.o(.text.VSS_Clear)
    VSS_Init                                 0x08006379   Thumb Code     4  virtual_speed_sensor.o(.text.VSS_Init)
    VSS_SetMecAcceleration                   0x0800637d   Thumb Code   148  virtual_speed_sensor.o(.text.VSS_SetMecAcceleration)
    VSS_SetStartTransition                   0x08006411   Thumb Code    34  virtual_speed_sensor.o(.text.VSS_SetStartTransition)
    VSS_TransitionEnded                      0x08006435   Thumb Code     6  virtual_speed_sensor.o(.text.VSS_TransitionEnded)
    main                                     0x0800643d   Thumb Code  2818  main.o(.text.main)
    mc_lock_pins                             0x08006f41   Thumb Code   314  mc_tasks.o(.text.mc_lock_pins)
    __fpl_dcmp_Inf                           0x0800707b   Thumb Code    24  dcmpi.o(x$fpl$dcmpinf)
    __aeabi_cdcmpeq                          0x08007095   Thumb Code     0  deqf.o(x$fpl$deqf)
    _dcmpeq                                  0x08007095   Thumb Code   120  deqf.o(x$fpl$deqf)
    __aeabi_d2iz                             0x0800710d   Thumb Code     0  dfix.o(x$fpl$dfix)
    _dfix                                    0x0800710d   Thumb Code    94  dfix.o(x$fpl$dfix)
    __aeabi_ui2d                             0x0800716b   Thumb Code     0  dflt_clz.o(x$fpl$dfltu)
    _dfltu                                   0x0800716b   Thumb Code    38  dflt_clz.o(x$fpl$dfltu)
    __aeabi_cdcmpge                          0x08007191   Thumb Code     0  dgeqf.o(x$fpl$dgeqf)
    _dcmpge                                  0x08007191   Thumb Code   120  dgeqf.o(x$fpl$dgeqf)
    __aeabi_cdcmple                          0x08007209   Thumb Code     0  dleqf.o(x$fpl$dleqf)
    _dcmple                                  0x08007209   Thumb Code   120  dleqf.o(x$fpl$dleqf)
    __fpl_dcmple_InfNaN                      0x0800726b   Thumb Code     0  dleqf.o(x$fpl$dleqf)
    __aeabi_dmul                             0x08007281   Thumb Code     0  dmul.o(x$fpl$dmul)
    _dmul                                    0x08007281   Thumb Code   332  dmul.o(x$fpl$dmul)
    __fpl_dnaninf                            0x080073d5   Thumb Code   156  dnaninf.o(x$fpl$dnaninf)
    __fpl_dretinf                            0x08007471   Thumb Code    12  dretinf.o(x$fpl$dretinf)
    __aeabi_dcmpeq                           0x0800747d   Thumb Code     0  dcmp.o(x$fpl$fcmp)
    _deq                                     0x0800747d   Thumb Code    14  dcmp.o(x$fpl$fcmp)
    _dneq                                    0x0800748b   Thumb Code    14  dcmp.o(x$fpl$fcmp)
    __aeabi_dcmpgt                           0x08007499   Thumb Code     0  dcmp.o(x$fpl$fcmp)
    _dgr                                     0x08007499   Thumb Code    14  dcmp.o(x$fpl$fcmp)
    __aeabi_dcmpge                           0x080074a7   Thumb Code     0  dcmp.o(x$fpl$fcmp)
    _dgeq                                    0x080074a7   Thumb Code    14  dcmp.o(x$fpl$fcmp)
    __aeabi_dcmple                           0x080074b5   Thumb Code     0  dcmp.o(x$fpl$fcmp)
    _dleq                                    0x080074b5   Thumb Code    14  dcmp.o(x$fpl$fcmp)
    __aeabi_dcmplt                           0x080074c3   Thumb Code     0  dcmp.o(x$fpl$fcmp)
    _dls                                     0x080074c3   Thumb Code    14  dcmp.o(x$fpl$fcmp)
    _fp_init                                 0x080074d1   Thumb Code    26  fpinit.o(x$fpl$fpinit)
    __fplib_config_fpu_vfp                   0x080074e9   Thumb Code     0  fpinit.o(x$fpl$fpinit)
    __fplib_config_pureend_doubles           0x080074e9   Thumb Code     0  fpinit.o(x$fpl$fpinit)
    __I$use$fp                               0x080074ea   Number         0  usenofp.o(x$fpl$usenofp)
    AHBPrescTable                            0x080074fc   Data          16  system_stm32g4xx.o(.rodata.AHBPrescTable)
    APBPrescTable                            0x0800750c   Data           8  system_stm32g4xx.o(.rodata.APBPrescTable)
    Bemf_ADC_ParamsM1                        0x08007514   Data          68  mc_parameters.o(.rodata.Bemf_ADC_ParamsM1)
    CTL_BOARD                                0x0800765e   Data          13  mc_configuration_registers.o(.rodata.CTL_BOARD)
    FIRMWARE_NAME                            0x0800766b   Data          20  mc_configuration_registers.o(.rodata.FIRMWARE_NAME)
    PWMC_ParamsM1                            0x080076e4   Data          28  mc_parameters.o(.rodata.PWMC_ParamsM1)
    globalConfig_reg                         0x08007710   Data          10  mc_configuration_registers.o(.rodata.globalConfig_reg)
    Region$$Table$$Base                      0x0800771c   Number         0  anon$$obj.o(Region$$Table)
    Region$$Table$$Limit                     0x0800773c   Number         0  anon$$obj.o(Region$$Table)
    uwTickPrio                               0x20000000   Data           4  stm32g4xx_hal.o(.data..L_MergedGlobals)
    uwTickFreq                               0x20000004   Data           4  stm32g4xx_hal.o(.data..L_MergedGlobals)
    ApplicationConfig_reg                    0x20000008   Data           4  mc_configuration_registers.o(.data.ApplicationConfig_reg)
    Bemf_ADC_M1                              0x2000000c   Data         256  mc_config.o(.data.Bemf_ADC_M1)
    BusVoltageSensor_M1                      0x2000010c   Data          28  mc_config_common.o(.data.BusVoltageSensor_M1)
    MCPA_UART_A                              0x20000128   Data          44  mcp_config.o(.data.MCPA_UART_A)
    MCP_Over_UartA                           0x20000154   Data          16  mcp_config.o(.data.MCP_Over_UartA)
    Mci                                      0x20000164   Data          36  mc_config.o(.data.Mci)
    MotorConfig_reg                          0x20000188   Data           4  mc_configuration_registers.o(.data.MotorConfig_reg)
    PIDSpeedHandle_M1                        0x2000018c   Data          44  mc_config.o(.data.PIDSpeedHandle_M1)
    PWM_Handle_M1                            0x200001b8   Data          52  mc_config.o(.data.PWM_Handle_M1)
    PWR_BOARD_NAME                           0x200001ec   Data           4  mc_configuration_registers.o(.data.PWR_BOARD_NAME)
    PotRegConv_M1                            0x200001f0   Data          16  mc_config_common.o(.data.PotRegConv_M1)
    RevUpControlM1                           0x20000200   Data          88  mc_config.o(.data.RevUpControlM1)
    SixPwm_TimerCfgM1                        0x20000258   Data         244  mc_parameters.o(.data.SixPwm_TimerCfgM1)
    SixStepConfig_reg                        0x2000034c   Data           4  mc_configuration_registers.o(.data.SixStepConfig_reg)
    SpeedPotentiometer_M1                    0x20000350   Data          36  mc_config_common.o(.data.SpeedPotentiometer_M1)
    SpeednTorqCtrlM1                         0x20000374   Data          48  mc_config.o(.data.SpeednTorqCtrlM1)
    SystemCoreClock                          0x200003a8   Data           4  system_stm32g4xx.o(.data.SystemCoreClock)
    TempRegConv_M1                           0x200003ac   Data          16  mc_config_common.o(.data.TempRegConv_M1)
    TempSensor_M1                            0x200003bc   Data          28  mc_config_common.o(.data.TempSensor_M1)
    VbusRegConv_M1                           0x200003ec   Data          16  mc_config_common.o(.data.VbusRegConv_M1)
    VirtualSpeedSensorM1                     0x200003fc   Data          56  mc_config_common.o(.data.VirtualSpeedSensorM1)
    aspepOverUartA                           0x20000434   Data         116  mcp_config.o(.data.aspepOverUartA)
    pSTC                                     0x200004a8   Data           4  mc_config.o(.data.pSTC)
    scaleParams_M1                           0x200004ac   Data          16  mc_parameters.o(.data.scaleParams_M1)
    __libspace_start                         0x200004c0   Data          96  libspace.o(.bss)
    __temporary_stack_top$libspace           0x20000520   Data           0  libspace.o(.bss)
    GLOBAL_TIMESTAMP                         0x20000578   Data           4  mcpa.o(.bss.GLOBAL_TIMESTAMP)
    MCP_UserCallBack                         0x20001698   Data           8  mcp_config.o(.bss.MCP_UserCallBack)
    SixStepVars                              0x200016ae   Data           8  mc_config.o(.bss.SixStepVars)
    SpeedPotentiometer_ValuesBuffer_M1       0x200016b6   Data          32  mc_config_common.o(.bss.SpeedPotentiometer_ValuesBuffer_M1)
    pMCI                                     0x2000173c   Data           4  motorcontrol.o(.bss.pMCI)
    pwmcHandle                               0x20001740   Data           4  mc_config_common.o(.bss.pwmcHandle)
    uwTick                                   0x20001744   Data           4  stm32g4xx_hal.o(.bss.uwTick)



==============================================================================

Memory Map of the image

  Image Entry point : 0x080001d9

  Load Region LR_IROM1 (Base: 0x08000000, Size: 0x00007c00, Max: 0x0001c000, ABSOLUTE, COMPRESSED[0x00007928])

    Execution Region ER_IROM1 (Exec base: 0x08000000, Load base: 0x08000000, Size: 0x0000773c, Max: 0x0001c000, ABSOLUTE)

    Exec Addr    Load Addr    Size         Type   Attr      Idx    E Section Name        Object

    0x08000000   0x08000000   0x000001d8   Data   RO            3    RESET               startup_stm32g431xx.o
    0x080001d8   0x080001d8   0x00000008   Code   RO         1547  * !!!main             c_w.l(__main.o)
    0x080001e0   0x080001e0   0x00000034   Code   RO         1739    !!!scatter          c_w.l(__scatter.o)
    0x08000214   0x08000214   0x0000005a   Code   RO         1737    !!dczerorl2         c_w.l(__dczerorl2.o)
    0x0800026e   0x0800026e   0x00000002   PAD
    0x08000270   0x08000270   0x0000001c   Code   RO         1741    !!handler_zi        c_w.l(__scatter_zi.o)
    0x0800028c   0x0800028c   0x00000002   Code   RO         1601    .ARM.Collect$$libinit$$00000000  c_w.l(libinit.o)
    0x0800028e   0x0800028e   0x00000004   Code   RO         1607    .ARM.Collect$$libinit$$00000001  c_w.l(libinit2.o)
    0x08000292   0x08000292   0x00000000   Code   RO         1610    .ARM.Collect$$libinit$$00000004  c_w.l(libinit2.o)
    0x08000292   0x08000292   0x00000000   Code   RO         1613    .ARM.Collect$$libinit$$0000000A  c_w.l(libinit2.o)
    0x08000292   0x08000292   0x00000000   Code   RO         1615    .ARM.Collect$$libinit$$0000000C  c_w.l(libinit2.o)
    0x08000292   0x08000292   0x00000000   Code   RO         1617    .ARM.Collect$$libinit$$0000000E  c_w.l(libinit2.o)
    0x08000292   0x08000292   0x00000000   Code   RO         1620    .ARM.Collect$$libinit$$00000011  c_w.l(libinit2.o)
    0x08000292   0x08000292   0x00000000   Code   RO         1622    .ARM.Collect$$libinit$$00000013  c_w.l(libinit2.o)
    0x08000292   0x08000292   0x00000000   Code   RO         1624    .ARM.Collect$$libinit$$00000015  c_w.l(libinit2.o)
    0x08000292   0x08000292   0x00000000   Code   RO         1626    .ARM.Collect$$libinit$$00000017  c_w.l(libinit2.o)
    0x08000292   0x08000292   0x00000000   Code   RO         1628    .ARM.Collect$$libinit$$00000019  c_w.l(libinit2.o)
    0x08000292   0x08000292   0x00000000   Code   RO         1630    .ARM.Collect$$libinit$$0000001B  c_w.l(libinit2.o)
    0x08000292   0x08000292   0x00000000   Code   RO         1632    .ARM.Collect$$libinit$$0000001D  c_w.l(libinit2.o)
    0x08000292   0x08000292   0x00000000   Code   RO         1634    .ARM.Collect$$libinit$$0000001F  c_w.l(libinit2.o)
    0x08000292   0x08000292   0x00000000   Code   RO         1636    .ARM.Collect$$libinit$$00000021  c_w.l(libinit2.o)
    0x08000292   0x08000292   0x00000000   Code   RO         1638    .ARM.Collect$$libinit$$00000023  c_w.l(libinit2.o)
    0x08000292   0x08000292   0x00000000   Code   RO         1640    .ARM.Collect$$libinit$$00000025  c_w.l(libinit2.o)
    0x08000292   0x08000292   0x00000000   Code   RO         1644    .ARM.Collect$$libinit$$0000002C  c_w.l(libinit2.o)
    0x08000292   0x08000292   0x00000000   Code   RO         1646    .ARM.Collect$$libinit$$0000002E  c_w.l(libinit2.o)
    0x08000292   0x08000292   0x00000000   Code   RO         1648    .ARM.Collect$$libinit$$00000030  c_w.l(libinit2.o)
    0x08000292   0x08000292   0x00000000   Code   RO         1650    .ARM.Collect$$libinit$$00000032  c_w.l(libinit2.o)
    0x08000292   0x08000292   0x00000002   Code   RO         1651    .ARM.Collect$$libinit$$00000033  c_w.l(libinit2.o)
    0x08000294   0x08000294   0x00000002   Code   RO         1673    .ARM.Collect$$libshutdown$$00000000  c_w.l(libshutdown.o)
    0x08000296   0x08000296   0x00000000   Code   RO         1688    .ARM.Collect$$libshutdown$$00000002  c_w.l(libshutdown2.o)
    0x08000296   0x08000296   0x00000000   Code   RO         1690    .ARM.Collect$$libshutdown$$00000004  c_w.l(libshutdown2.o)
    0x08000296   0x08000296   0x00000000   Code   RO         1693    .ARM.Collect$$libshutdown$$00000007  c_w.l(libshutdown2.o)
    0x08000296   0x08000296   0x00000000   Code   RO         1696    .ARM.Collect$$libshutdown$$0000000A  c_w.l(libshutdown2.o)
    0x08000296   0x08000296   0x00000000   Code   RO         1698    .ARM.Collect$$libshutdown$$0000000C  c_w.l(libshutdown2.o)
    0x08000296   0x08000296   0x00000000   Code   RO         1701    .ARM.Collect$$libshutdown$$0000000F  c_w.l(libshutdown2.o)
    0x08000296   0x08000296   0x00000002   Code   RO         1702    .ARM.Collect$$libshutdown$$00000010  c_w.l(libshutdown2.o)
    0x08000298   0x08000298   0x00000000   Code   RO         1563    .ARM.Collect$$rtentry$$00000000  c_w.l(__rtentry.o)
    0x08000298   0x08000298   0x00000000   Code   RO         1576    .ARM.Collect$$rtentry$$00000002  c_w.l(__rtentry2.o)
    0x08000298   0x08000298   0x00000006   Code   RO         1588    .ARM.Collect$$rtentry$$00000004  c_w.l(__rtentry4.o)
    0x0800029e   0x0800029e   0x00000000   Code   RO         1578    .ARM.Collect$$rtentry$$00000009  c_w.l(__rtentry2.o)
    0x0800029e   0x0800029e   0x00000004   Code   RO         1579    .ARM.Collect$$rtentry$$0000000A  c_w.l(__rtentry2.o)
    0x080002a2   0x080002a2   0x00000000   Code   RO         1581    .ARM.Collect$$rtentry$$0000000C  c_w.l(__rtentry2.o)
    0x080002a2   0x080002a2   0x00000008   Code   RO         1582    .ARM.Collect$$rtentry$$0000000D  c_w.l(__rtentry2.o)
    0x080002aa   0x080002aa   0x00000002   Code   RO         1605    .ARM.Collect$$rtexit$$00000000  c_w.l(rtexit.o)
    0x080002ac   0x080002ac   0x00000000   Code   RO         1653    .ARM.Collect$$rtexit$$00000002  c_w.l(rtexit2.o)
    0x080002ac   0x080002ac   0x00000004   Code   RO         1654    .ARM.Collect$$rtexit$$00000003  c_w.l(rtexit2.o)
    0x080002b0   0x080002b0   0x00000006   Code   RO         1655    .ARM.Collect$$rtexit$$00000004  c_w.l(rtexit2.o)
    0x080002b6   0x080002b6   0x00000002   PAD
    0x080002b8   0x080002b8   0x00000040   Code   RO            4    .text               startup_stm32g431xx.o
    0x080002f8   0x080002f8   0x0000008a   Code   RO         1537    .text               c_w.l(rt_memcpy_v6.o)
    0x08000382   0x08000382   0x00000064   Code   RO         1539    .text               c_w.l(rt_memcpy_w.o)
    0x080003e6   0x080003e6   0x00000044   Code   RO         1541    .text               c_w.l(rt_memclr.o)
    0x0800042a   0x0800042a   0x0000004e   Code   RO         1543    .text               c_w.l(rt_memclr_w.o)
    0x08000478   0x08000478   0x00000006   Code   RO         1545    .text               c_w.l(heapauxi.o)
    0x0800047e   0x0800047e   0x0000004a   Code   RO         1592    .text               c_w.l(sys_stackheap_outer.o)
    0x080004c8   0x080004c8   0x00000012   Code   RO         1594    .text               c_w.l(exit.o)
    0x080004da   0x080004da   0x00000002   PAD
    0x080004dc   0x080004dc   0x00000008   Code   RO         1602    .text               c_w.l(libspace.o)
    0x080004e4   0x080004e4   0x0000000c   Code   RO         1663    .text               c_w.l(sys_exit.o)
    0x080004f0   0x080004f0   0x00000002   Code   RO         1678    .text               c_w.l(use_no_semi.o)
    0x080004f2   0x080004f2   0x00000000   Code   RO         1680    .text               c_w.l(indicate_semi.o)
    0x080004f2   0x080004f2   0x00000002   PAD
    0x080004f4   0x080004f4   0x0000006c   Code   RO          324    .text.ADC1_2_IRQHandler  stm32g4xx_mc_it.o
    0x08000560   0x08000560   0x000000a6   Code   RO          442    .text.ASPEP_HWDataReceivedIT  aspep.o
    0x08000606   0x08000606   0x00000002   PAD
    0x08000608   0x08000608   0x000000b0   Code   RO          438    .text.ASPEP_HWDataTransmittedIT  aspep.o
    0x080006b8   0x080006b8   0x0000001e   Code   RO          444    .text.ASPEP_HWReset  aspep.o
    0x080006d6   0x080006d6   0x00000002   PAD
    0x080006d8   0x080006d8   0x000005dc   Code   RO          440    .text.ASPEP_RXframeProcess  aspep.o
    0x08000cb4   0x08000cb4   0x000000e8   Code   RO          430    .text.ASPEP_TXframeProcess  aspep.o
    0x08000d9c   0x08000d9c   0x0000005c   Code   RO          434    .text.ASPEP_getBuffer  aspep.o
    0x08000df8   0x08000df8   0x00000050   Code   RO          436    .text.ASPEP_sendPacket  aspep.o
    0x08000e48   0x08000e48   0x00000026   Code   RO          426    .text.ASPEP_start   aspep.o
    0x08000e6e   0x08000e6e   0x00000002   PAD
    0x08000e70   0x08000e70   0x0000013e   Code   RO         1379    .text.BADC_CalcAvrgElSpeedDpp  g4xx_bemf_adc_fdbk.o
    0x08000fae   0x08000fae   0x00000002   PAD
    0x08000fb0   0x08000fb0   0x00000088   Code   RO         1377    .text.BADC_CalcAvrgMecSpeedUnit  g4xx_bemf_adc_fdbk.o
    0x08001038   0x08001038   0x0000003e   Code   RO         1387    .text.BADC_CalcElAngle  g4xx_bemf_adc_fdbk.o
    0x08001076   0x08001076   0x00000002   PAD
    0x08001078   0x08001078   0x00000046   Code   RO         1391    .text.BADC_CalcRevUpDemagTime  g4xx_bemf_adc_fdbk.o
    0x080010be   0x080010be   0x00000002   PAD
    0x080010c0   0x080010c0   0x00000036   Code   RO         1393    .text.BADC_CalcRunDemagTime  g4xx_bemf_adc_fdbk.o
    0x080010f6   0x080010f6   0x00000002   PAD
    0x080010f8   0x080010f8   0x00000020   Code   RO         1363    .text.BADC_Clear    g4xx_bemf_adc_fdbk.o
    0x08001118   0x08001118   0x0000004e   Code   RO         1399    .text.BADC_GetBemfSensorlessParam  g4xx_bemf_adc_fdbk.o
    0x08001166   0x08001166   0x00000002   PAD
    0x08001168   0x08001168   0x000003c4   Code   RO         1361    .text.BADC_Init     g4xx_bemf_adc_fdbk.o
    0x0800152c   0x0800152c   0x00000006   Code   RO         1385    .text.BADC_IsObserverConverged  g4xx_bemf_adc_fdbk.o
    0x08001532   0x08001532   0x00000002   PAD
    0x08001534   0x08001534   0x000000e8   Code   RO         1375    .text.BADC_IsZcDetected  g4xx_bemf_adc_fdbk.o
    0x0800161c   0x0800161c   0x00000050   Code   RO         1397    .text.BADC_SetBemfSensorlessParam  g4xx_bemf_adc_fdbk.o
    0x0800166c   0x0800166c   0x0000000a   Code   RO         1383    .text.BADC_SetDirection  g4xx_bemf_adc_fdbk.o
    0x08001676   0x08001676   0x00000002   PAD
    0x08001678   0x08001678   0x0000002a   Code   RO         1395    .text.BADC_SetLoopClosed  g4xx_bemf_adc_fdbk.o
    0x080016a2   0x080016a2   0x00000002   PAD
    0x080016a4   0x080016a4   0x000000bc   Code   RO         1373    .text.BADC_SetSamplingPoint  g4xx_bemf_adc_fdbk.o
    0x08001760   0x08001760   0x0000000e   Code   RO         1371    .text.BADC_SpeedMeasureOff  g4xx_bemf_adc_fdbk.o
    0x0800176e   0x0800176e   0x00000002   PAD
    0x08001770   0x08001770   0x0000015c   Code   RO         1365    .text.BADC_Start    g4xx_bemf_adc_fdbk.o
    0x080018cc   0x080018cc   0x00000076   Code   RO         1389    .text.BADC_StepChangeEvent  g4xx_bemf_adc_fdbk.o
    0x08001942   0x08001942   0x00000002   PAD
    0x08001944   0x08001944   0x0000006c   Code   RO         1369    .text.BADC_Stop     g4xx_bemf_adc_fdbk.o
    0x080019b0   0x080019b0   0x0000001a   Code   RO          312    .text.EXTI15_10_IRQHandler  stm32_mc_common_it.o
    0x080019ca   0x080019ca   0x00000002   PAD
    0x080019cc   0x080019cc   0x0000001a   Code   RO          578    .text.HAL_IncTick   stm32g4xx_hal.o
    0x080019e6   0x080019e6   0x00000002   PAD
    0x080019e8   0x080019e8   0x0000002e   Code   RO          568    .text.HAL_Init      stm32g4xx_hal.o
    0x08001a16   0x08001a16   0x00000002   PAD
    0x08001a18   0x08001a18   0x0000004e   Code   RO          570    .text.HAL_InitTick  stm32g4xx_hal.o
    0x08001a66   0x08001a66   0x00000002   PAD
    0x08001a68   0x08001a68   0x00000040   Code   RO          468    .text.HAL_MspInit   stm32g4xx_hal_msp.o
    0x08001aa8   0x08001aa8   0x00000056   Code   RO         1032    .text.HAL_NVIC_SetPriority  stm32g4xx_hal_cortex.o
    0x08001afe   0x08001afe   0x00000002   PAD
    0x08001b00   0x08001b00   0x00000020   Code   RO         1030    .text.HAL_NVIC_SetPriorityGrouping  stm32g4xx_hal_cortex.o
    0x08001b20   0x08001b20   0x00000012   Code   RO         1020    .text.HAL_PWREx_DisableUCPDDeadBattery  stm32g4xx_hal_pwr_ex.o
    0x08001b32   0x08001b32   0x00000002   PAD
    0x08001b34   0x08001b34   0x0000000c   Code   RO          664    .text.HAL_RCC_GetHCLKFreq  stm32g4xx_hal_rcc.o
    0x08001b40   0x08001b40   0x00000002   Code   RO         1060    .text.HAL_SYSTICK_Callback  stm32g4xx_hal_cortex.o
    0x08001b42   0x08001b42   0x00000002   PAD
    0x08001b44   0x08001b44   0x0000002c   Code   RO         1042    .text.HAL_SYSTICK_Config  stm32g4xx_hal_cortex.o
    0x08001b70   0x08001b70   0x00000004   Code   RO         1058    .text.HAL_SYSTICK_IRQHandler  stm32g4xx_hal_cortex.o
    0x08001b74   0x08001b74   0x00000006   Code   RO          308    .text.HardFault_Handler  stm32_mc_common_it.o
    0x08001b7a   0x08001b7a   0x00000002   PAD
    0x08001b7c   0x08001b7c   0x0000004e   Code   RO          528    .text.LL_ADC_CommonInit  stm32g4xx_ll_adc.o
    0x08001bca   0x08001bca   0x00000002   PAD
    0x08001bcc   0x08001bcc   0x0000003e   Code   RO          542    .text.LL_ADC_INJ_Init  stm32g4xx_ll_adc.o
    0x08001c0a   0x08001c0a   0x00000002   PAD
    0x08001c0c   0x08001c0c   0x00000028   Code   RO          534    .text.LL_ADC_Init   stm32g4xx_ll_adc.o
    0x08001c34   0x08001c34   0x00000052   Code   RO          538    .text.LL_ADC_REG_Init  stm32g4xx_ll_adc.o
    0x08001c86   0x08001c86   0x00000002   PAD
    0x08001c88   0x08001c88   0x000001a0   Code   RO          500    .text.LL_EXTI_Init  stm32g4xx_ll_exti.o
    0x08001e28   0x08001e28   0x000000e2   Code   RO          514    .text.LL_GPIO_Init  stm32g4xx_ll_gpio.o
    0x08001f0a   0x08001f0a   0x00000002   PAD
    0x08001f0c   0x08001f0c   0x00000140   Code   RO         1136    .text.LL_RCC_GetUARTClockFreq  stm32g4xx_ll_rcc.o
    0x0800204c   0x0800204c   0x000002dc   Code   RO         1134    .text.LL_RCC_GetUSARTClockFreq  stm32g4xx_ll_rcc.o
    0x08002328   0x08002328   0x0000000c   Code   RO          480    .text.LL_SetSystemCoreClock  stm32g4xx_ll_utils.o
    0x08002334   0x08002334   0x0000009c   Code   RO         1102    .text.LL_TIM_BDTR_Init  stm32g4xx_ll_tim.o
    0x080023d0   0x080023d0   0x00000102   Code   RO         1082    .text.LL_TIM_Init   stm32g4xx_ll_tim.o
    0x080024d2   0x080024d2   0x00000002   PAD
    0x080024d4   0x080024d4   0x00000370   Code   RO         1086    .text.LL_TIM_OC_Init  stm32g4xx_ll_tim.o
    0x08002844   0x08002844   0x0000013c   Code   RO         1114    .text.LL_USART_Init  stm32g4xx_ll_usart.o
    0x08002980   0x08002980   0x00000040   Code   RO          264    .text.MCI_ExecBufferedCommands  mc_interface.o
    0x080029c0   0x080029c0   0x0000001e   Code   RO          246    .text.MCI_ExecSpeedRamp  mc_interface.o
    0x080029de   0x080029de   0x00000002   PAD
    0x080029e0   0x080029e0   0x0000002a   Code   RO          260    .text.MCI_FaultAcknowledged  mc_interface.o
    0x08002a0a   0x08002a0a   0x00000002   PAD
    0x08002a0c   0x08002a0c   0x00000012   Code   RO          262    .text.MCI_FaultProcessing  mc_interface.o
    0x08002a1e   0x08002a1e   0x00000002   PAD
    0x08002a20   0x08002a20   0x0000000e   Code   RO          288    .text.MCI_GetAvrgMecSpeedUnit  mc_interface.o
    0x08002a2e   0x08002a2e   0x00000002   PAD
    0x08002a30   0x08002a30   0x00000006   Code   RO          270    .text.MCI_GetControlMode  mc_interface.o
    0x08002a36   0x08002a36   0x00000002   PAD
    0x08002a38   0x08002a38   0x00000004   Code   RO          256    .text.MCI_GetCurrentFaults  mc_interface.o
    0x08002a3c   0x08002a3c   0x00000006   Code   RO          296    .text.MCI_GetDutyCycleRef  mc_interface.o
    0x08002a42   0x08002a42   0x00000002   PAD
    0x08002a44   0x08002a44   0x0000000a   Code   RO          268    .text.MCI_GetFaultState  mc_interface.o
    0x08002a4e   0x08002a4e   0x00000002   PAD
    0x08002a50   0x08002a50   0x0000001c   Code   RO          272    .text.MCI_GetImposedMotorDirection  mc_interface.o
    0x08002a6c   0x08002a6c   0x00000004   Code   RO          276    .text.MCI_GetLastRampFinalDuration  mc_interface.o
    0x08002a70   0x08002a70   0x00000006   Code   RO          274    .text.MCI_GetLastRampFinalSpeed  mc_interface.o
    0x08002a76   0x08002a76   0x00000002   PAD
    0x08002a78   0x08002a78   0x00000006   Code   RO          292    .text.MCI_GetMecSpeedRefUnit  mc_interface.o
    0x08002a7e   0x08002a7e   0x00000002   PAD
    0x08002a80   0x08002a80   0x00000004   Code   RO          254    .text.MCI_GetOccurredFaults  mc_interface.o
    0x08002a84   0x08002a84   0x00000004   Code   RO          252    .text.MCI_GetSTMState  mc_interface.o
    0x08002a88   0x08002a88   0x0000002a   Code   RO          250    .text.MCI_StartMotor  mc_interface.o
    0x08002ab2   0x08002ab2   0x00000002   PAD
    0x08002ab4   0x08002ab4   0x00000038   Code   RO          258    .text.MCI_StopMotor  mc_interface.o
    0x08002aec   0x08002aec   0x0000000e   Code   RO          284    .text.MCI_StopRamp  mc_interface.o
    0x08002afa   0x08002afa   0x00000002   PAD
    0x08002afc   0x08002afc   0x00000152   Code   RO         1499    .text.MCPA_cfgLog   mcpa.o
    0x08002c4e   0x08002c4e   0x00000002   PAD
    0x08002c50   0x08002c50   0x000002da   Code   RO         1495    .text.MCPA_dataLog  mcpa.o
    0x08002f2a   0x08002f2a   0x00000002   PAD
    0x08002f2c   0x08002f2c   0x000000ac   Code   RO         1497    .text.MCPA_flushDataLog  mcpa.o
    0x08002fd8   0x08002fd8   0x000002d8   Code   RO          375    .text.MCP_ReceivedPacket  mcp.o
    0x080032b0   0x080032b0   0x0000001e   Code   RO          456    .text.MC_APP_BootHook  mc_app_hooks.o
    0x080032ce   0x080032ce   0x00000002   PAD
    0x080032d0   0x080032d0   0x00000020   Code   RO          458    .text.MC_APP_PostMediumFrequencyHook_M1  mc_app_hooks.o
    0x080032f0   0x080032f0   0x0000000e   Code   RO           87    .text.MC_GetSTMStateMotor1  mc_api.o
    0x080032fe   0x080032fe   0x00000002   PAD
    0x08003300   0x08003300   0x00000084   Code   RO          148    .text.MC_RunMotorControlTasks  mc_tasks.o
    0x08003384   0x08003384   0x0000000e   Code   RO           47    .text.MC_StartMotor1  mc_api.o
    0x08003392   0x08003392   0x00000002   PAD
    0x08003394   0x08003394   0x0000000e   Code   RO           49    .text.MC_StopMotor1  mc_api.o
    0x080033a2   0x080033a2   0x00000002   PAD
    0x080033a4   0x080033a4   0x00000086   Code   RO          146    .text.MCboot        mc_tasks.o
    0x0800342a   0x0800342a   0x00000002   PAD
    0x0800342c   0x0800342c   0x00000040   Code   RO           26    .text.MX_MotorControl_Init  motorcontrol.o
    0x0800346c   0x0800346c   0x00000032   Code   RO         1195    .text.NTC_CalcAvTemp  ntc_temperature_sensor.o
    0x0800349e   0x0800349e   0x00000002   PAD
    0x080034a0   0x080034a0   0x00000022   Code   RO         1199    .text.NTC_GetAvTemp_C  ntc_temperature_sensor.o
    0x080034c2   0x080034c2   0x00000002   PAD
    0x080034c4   0x080034c4   0x00000022   Code   RO         1193    .text.NTC_Init      ntc_temperature_sensor.o
    0x080034e6   0x080034e6   0x00000002   PAD
    0x080034e8   0x080034e8   0x00000034   Code   RO         1191    .text.NTC_SetFaultState  ntc_temperature_sensor.o
    0x0800351c   0x0800351c   0x00000006   Code   RO         1247    .text.PID_GetKD     pid_regulator.o
    0x08003522   0x08003522   0x00000002   PAD
    0x08003524   0x08003524   0x00000004   Code   RO         1251    .text.PID_GetKDDivisorPOW2  pid_regulator.o
    0x08003528   0x08003528   0x00000006   Code   RO         1219    .text.PID_GetKI     pid_regulator.o
    0x0800352e   0x0800352e   0x00000002   PAD
    0x08003530   0x08003530   0x00000004   Code   RO         1233    .text.PID_GetKIDivisor  pid_regulator.o
    0x08003534   0x08003534   0x00000004   Code   RO         1235    .text.PID_GetKIDivisorPOW2  pid_regulator.o
    0x08003538   0x08003538   0x00000006   Code   RO         1217    .text.PID_GetKP     pid_regulator.o
    0x0800353e   0x0800353e   0x00000002   PAD
    0x08003540   0x08003540   0x00000004   Code   RO         1229    .text.PID_GetKPDivisorPOW2  pid_regulator.o
    0x08003544   0x08003544   0x00000010   Code   RO         1211    .text.PID_HandleInit  pid_regulator.o
    0x08003554   0x08003554   0x00000004   Code   RO         1225    .text.PID_SetIntegralTerm  pid_regulator.o
    0x08003558   0x08003558   0x00000004   Code   RO         1245    .text.PID_SetKD     pid_regulator.o
    0x0800355c   0x0800355c   0x0000000c   Code   RO         1253    .text.PID_SetKDDivisorPOW2  pid_regulator.o
    0x08003568   0x08003568   0x00000004   Code   RO         1215    .text.PID_SetKI     pid_regulator.o
    0x0800356c   0x0800356c   0x00000032   Code   RO         1237    .text.PID_SetKIDivisorPOW2  pid_regulator.o
    0x0800359e   0x0800359e   0x00000002   PAD
    0x080035a0   0x080035a0   0x00000004   Code   RO         1213    .text.PID_SetKP     pid_regulator.o
    0x080035a4   0x080035a4   0x0000000c   Code   RO         1231    .text.PID_SetKPDivisorPOW2  pid_regulator.o
    0x080035b0   0x080035b0   0x00000004   Code   RO         1241    .text.PID_SetLowerIntegralTermLimit  pid_regulator.o
    0x080035b4   0x080035b4   0x00000004   Code   RO         1239    .text.PID_SetUpperIntegralTermLimit  pid_regulator.o
    0x080035b8   0x080035b8   0x00000090   Code   RO         1255    .text.PI_Controller  pid_regulator.o
    0x08003648   0x08003648   0x0000001a   Code   RO         1512    .text.POT_Clear     potentiometer.o
    0x08003662   0x08003662   0x00000002   PAD
    0x08003664   0x08003664   0x00000028   Code   RO         1510    .text.POT_Init      potentiometer.o
    0x0800368c   0x0800368c   0x00000030   Code   RO         1514    .text.POT_TakeMeasurement  potentiometer.o
    0x080036bc   0x080036bc   0x0000001a   Code   RO         1281    .text.PWMC_BRK_IRQHandler  pwmc_sixstep.o
    0x080036d6   0x080036d6   0x00000002   PAD
    0x080036d8   0x080036d8   0x00000012   Code   RO         1283    .text.PWMC_DisableHighFreqTask  pwmc_sixstep.o
    0x080036ea   0x080036ea   0x00000002   PAD
    0x080036ec   0x080036ec   0x0000006c   Code   RO         1287    .text.PWMC_ElAngleToStep  pwmc_sixstep.o
    0x08003758   0x08003758   0x00000020   Code   RO         1289    .text.PWMC_ForceNextStep  pwmc_sixstep.o
    0x08003778   0x08003778   0x00000026   Code   RO         1293    .text.PWMC_GetLSModConfig  pwmc_sixstep.o
    0x0800379e   0x0800379e   0x00000002   PAD
    0x080037a0   0x080037a0   0x00000004   Code   RO         1297    .text.PWMC_GetQuasiSynchState  pwmc_sixstep.o
    0x080037a4   0x080037a4   0x00000052   Code   RO         1267    .text.PWMC_Init     pwmc_sixstep.o
    0x080037f6   0x080037f6   0x00000002   PAD
    0x080037f8   0x080037f8   0x0000002c   Code   RO         1291    .text.PWMC_IsFaultOccurred  pwmc_sixstep.o
    0x08003824   0x08003824   0x0000014a   Code   RO         1271    .text.PWMC_LoadNextStep  pwmc_sixstep.o
    0x0800396e   0x0800396e   0x00000002   PAD
    0x08003970   0x08003970   0x0000000a   Code   RO         1277    .text.PWMC_SetADCTriggerChannel  pwmc_sixstep.o
    0x0800397a   0x0800397a   0x00000002   PAD
    0x0800397c   0x0800397c   0x00000004   Code   RO         1285    .text.PWMC_SetAlignFlag  pwmc_sixstep.o
    0x08003980   0x08003980   0x00000026   Code   RO         1295    .text.PWMC_SetLSModConfig  pwmc_sixstep.o
    0x080039a6   0x080039a6   0x00000002   PAD
    0x080039a8   0x080039a8   0x00000012   Code   RO         1269    .text.PWMC_SetPhaseVoltage  pwmc_sixstep.o
    0x080039ba   0x080039ba   0x00000002   PAD
    0x080039bc   0x080039bc   0x0000000c   Code   RO         1299    .text.PWMC_SetQuasiSynchState  pwmc_sixstep.o
    0x080039c8   0x080039c8   0x0000005c   Code   RO         1279    .text.PWMC_SwitchOffPWM  pwmc_sixstep.o
    0x08003a24   0x08003a24   0x00000054   Code   RO         1275    .text.PWMC_SwitchOnPWM  pwmc_sixstep.o
    0x08003a78   0x08003a78   0x00000062   Code   RO         1273    .text.PWMC_TurnOnLowSides  pwmc_sixstep.o
    0x08003ada   0x08003ada   0x00000002   PAD
    0x08003adc   0x08003adc   0x00000082   Code   RO          219    .text.RCM_ExecNextConv  regular_conversion_manager.o
    0x08003b5e   0x08003b5e   0x00000002   PAD
    0x08003b60   0x08003b60   0x00000186   Code   RO          207    .text.RCM_ExecRegularConv  regular_conversion_manager.o
    0x08003ce6   0x08003ce6   0x00000002   PAD
    0x08003ce8   0x08003ce8   0x0000004e   Code   RO          213    .text.RCM_ExecUserConv  regular_conversion_manager.o
    0x08003d36   0x08003d36   0x00000002   PAD
    0x08003d38   0x08003d38   0x00000058   Code   RO          221    .text.RCM_ReadOngoingConv  regular_conversion_manager.o
    0x08003d90   0x08003d90   0x000001e2   Code   RO          205    .text.RCM_RegisterRegConv  regular_conversion_manager.o
    0x08003f72   0x08003f72   0x00000002   PAD
    0x08003f74   0x08003f74   0x0000001e   Code   RO          358    .text.RI_GetIDSize  register_interface.o
    0x08003f92   0x08003f92   0x00000002   PAD
    0x08003f94   0x08003f94   0x0000002c   Code   RO          360    .text.RI_GetPtrReg  register_interface.o
    0x08003fc0   0x08003fc0   0x000001c4   Code   RO          354    .text.RI_GetRegisterGlobal  register_interface.o
    0x08004184   0x08004184   0x00000004   PAD
    0x08004188   0x08004188   0x000006ec   Code   RO          356    .text.RI_GetRegisterMotor1  register_interface.o
    0x08004874   0x08004874   0x00000126   Code   RO          348    .text.RI_SetRegisterGlobal  register_interface.o
    0x0800499a   0x0800499a   0x00000002   PAD
    0x0800499c   0x0800499c   0x00000482   Code   RO          352    .text.RI_SetRegisterMotor1  register_interface.o
    0x08004e1e   0x08004e1e   0x00000002   PAD
    0x08004e20   0x08004e20   0x0000008e   Code   RO         1327    .text.RUC_Clear     revup_ctrl_sixstep.o
    0x08004eae   0x08004eae   0x00000002   PAD
    0x08004eb0   0x08004eb0   0x0000007c   Code   RO         1331    .text.RUC_Exec      revup_ctrl_sixstep.o
    0x08004f2c   0x08004f2c   0x0000001a   Code   RO         1335    .text.RUC_FirstAccelerationStageReached  revup_ctrl_sixstep.o
    0x08004f46   0x08004f46   0x00000002   PAD
    0x08004f48   0x08004f48   0x0000000c   Code   RO         1351    .text.RUC_GetDirection  revup_ctrl_sixstep.o
    0x08004f54   0x08004f54   0x00000054   Code   RO         1325    .text.RUC_Init      revup_ctrl_sixstep.o
    0x08004fa8   0x08004fa8   0x0000001e   Code   RO         1333    .text.RUC_IsAlignStageNow  revup_ctrl_sixstep.o
    0x08004fc6   0x08004fc6   0x00000002   PAD
    0x08004fc8   0x08004fc8   0x00000020   Code   RO         1329    .text.RUC_UpdatePulse  revup_ctrl_sixstep.o
    0x08004fe8   0x08004fe8   0x00000096   Code   RO         1313    .text.RVBS_CalcAvVbus  r_divider_bus_voltage_sensor.o
    0x0800507e   0x0800507e   0x00000002   PAD
    0x08005080   0x08005080   0x00000056   Code   RO         1315    .text.RVBS_CheckFaultState  r_divider_bus_voltage_sensor.o
    0x080050d6   0x080050d6   0x00000002   PAD
    0x080050d8   0x080050d8   0x0000005e   Code   RO         1311    .text.RVBS_Clear    r_divider_bus_voltage_sensor.o
    0x08005136   0x08005136   0x00000002   PAD
    0x08005138   0x08005138   0x00000004   Code   RO         1309    .text.RVBS_Init     r_divider_bus_voltage_sensor.o
    0x0800513c   0x0800513c   0x0000005a   Code   RO          181    .text.SIX_STEP_Clear  mc_tasks_sixstep.o
    0x08005196   0x08005196   0x00000002   PAD
    0x08005198   0x08005198   0x00000072   Code   RO          191    .text.SIX_STEP_HighFrequencyTask  mc_tasks_sixstep.o
    0x0800520a   0x0800520a   0x00000002   PAD
    0x0800520c   0x0800520c   0x0000007c   Code   RO          179    .text.SIX_STEP_Init  mc_tasks_sixstep.o
    0x08005288   0x08005288   0x00000018   Code   RO         1524    .text.SPDPOT_Init   speed_potentiometer.o
    0x080052a0   0x080052a0   0x000000b4   Code   RO         1526    .text.SPDPOT_Run    speed_potentiometer.o
    0x08005354   0x08005354   0x00000006   Code   RO         1411    .text.SPD_GetAvrgMecSpeedUnit  speed_pos_fdbk.o
    0x0800535a   0x0800535a   0x00000002   PAD
    0x0800535c   0x0800535c   0x00000006   Code   RO         1413    .text.SPD_GetElSpeedDpp  speed_pos_fdbk.o
    0x08005362   0x08005362   0x00000002   PAD
    0x08005364   0x08005364   0x00000058   Code   RO         1415    .text.SPD_IsMecSpeedReliable  speed_pos_fdbk.o
    0x080053bc   0x080053bc   0x00000072   Code   RO         1445    .text.STC_CalcSpeedReference  speed_ctrl.o
    0x0800542e   0x0800542e   0x00000002   PAD
    0x08005430   0x08005430   0x00000024   Code   RO         1435    .text.STC_Clear     speed_ctrl.o
    0x08005454   0x08005454   0x0000009c   Code   RO         1443    .text.STC_ExecRamp  speed_ctrl.o
    0x080054f0   0x080054f0   0x0000001a   Code   RO         1455    .text.STC_ForceSpeedReferenceToCurrentSpeed  speed_ctrl.o
    0x0800550a   0x0800550a   0x00000002   PAD
    0x0800550c   0x0800550c   0x0000000a   Code   RO         1439    .text.STC_GetDutyCycleRef  speed_ctrl.o
    0x08005516   0x08005516   0x00000002   PAD
    0x08005518   0x08005518   0x00000014   Code   RO         1437    .text.STC_GetMecSpeedRefUnit  speed_ctrl.o
    0x0800552c   0x0800552c   0x0000000c   Code   RO         1447    .text.STC_GetMecSpeedRefUnitDefault  speed_ctrl.o
    0x08005538   0x08005538   0x00000034   Code   RO         1431    .text.STC_Init      speed_ctrl.o
    0x0800556c   0x0800556c   0x0000000c   Code   RO         1441    .text.STC_SetControlMode  speed_ctrl.o
    0x08005578   0x08005578   0x00000008   Code   RO         1433    .text.STC_SetSpeedSensor  speed_ctrl.o
    0x08005580   0x08005580   0x0000002e   Code   RO          189    .text.SixStep_CalcSpeedRef  mc_tasks_sixstep.o
    0x080055ae   0x080055ae   0x00000002   PAD
    0x080055b0   0x080055b0   0x00000002   Code   RO          187    .text.SixStep_InitAdditionalMethods  mc_tasks_sixstep.o
    0x080055b2   0x080055b2   0x00000002   PAD
    0x080055b4   0x080055b4   0x000000d0   Code   RO          193    .text.SixStep_StepCommution  mc_tasks_sixstep.o
    0x08005684   0x08005684   0x00000042   Code   RO          310    .text.SysTick_Handler  stm32_mc_common_it.o
    0x080056c6   0x080056c6   0x00000002   PAD
    0x080056c8   0x080056c8   0x00000188   Code   RO           13    .text.SystemClock_Config  main.o
    0x08005850   0x08005850   0x00000012   Code   RO         1164    .text.SystemInit    system_stm32g4xx.o
    0x08005862   0x08005862   0x00000002   PAD
    0x08005864   0x08005864   0x00000052   Code   RO          330    .text.TIM1_BRK_TIM15_IRQHandler  stm32g4xx_mc_it.o
    0x080058b6   0x080058b6   0x00000002   PAD
    0x080058b8   0x080058b8   0x00000012   Code   RO          328    .text.TIM1_UP_TIM16_IRQHandler  stm32g4xx_mc_it.o
    0x080058ca   0x080058ca   0x00000002   PAD
    0x080058cc   0x080058cc   0x00000078   Code   RO          326    .text.TIM2_IRQHandler  stm32g4xx_mc_it.o
    0x08005944   0x08005944   0x00000012   Code   RO          154    .text.TSK_ChargeBootCapDelayHasElapsedM1  mc_tasks.o
    0x08005956   0x08005956   0x00000002   PAD
    0x08005958   0x08005958   0x0000001c   Code   RO          164    .text.TSK_HardwareFaultTask  mc_tasks.o
    0x08005974   0x08005974   0x00000034   Code   RO          160    .text.TSK_HighFrequencyTask  mc_tasks.o
    0x080059a8   0x080059a8   0x00000374   Code   RO          185    .text.TSK_MediumFrequencyTaskM1  mc_tasks_sixstep.o
    0x08005d1c   0x08005d1c   0x00000020   Code   RO          150    .text.TSK_SafetyTask  mc_tasks.o
    0x08005d3c   0x08005d3c   0x000000b8   Code   RO          162    .text.TSK_SafetyTask_PWMOFF  mc_tasks.o
    0x08005df4   0x08005df4   0x0000000c   Code   RO          152    .text.TSK_SetChargeBootCapDelayM1  mc_tasks.o
    0x08005e00   0x08005e00   0x0000000c   Code   RO          156    .text.TSK_SetStopPermanencyTimeM1  mc_tasks.o
    0x08005e0c   0x08005e0c   0x00000012   Code   RO          158    .text.TSK_StopPermanencyTimeHasElapsedM1  mc_tasks.o
    0x08005e1e   0x08005e1e   0x00000002   PAD
    0x08005e20   0x08005e20   0x00000040   Code   RO          397    .text.UASPEP_CFG_RECEPTION  usart_aspep_driver.o
    0x08005e60   0x08005e60   0x00000034   Code   RO          395    .text.UASPEP_CFG_TRANSMISSION  usart_aspep_driver.o
    0x08005e94   0x08005e94   0x00000048   Code   RO          399    .text.UASPEP_IDLE_ENABLE  usart_aspep_driver.o
    0x08005edc   0x08005edc   0x00000136   Code   RO          389    .text.UASPEP_INIT   usart_aspep_driver.o
    0x08006012   0x08006012   0x00000002   PAD
    0x08006014   0x08006014   0x00000018   Code   RO          166    .text.UI_HandleStartStopButton_cb  mc_tasks.o
    0x0800602c   0x0800602c   0x000001e8   Code   RO          306    .text.USART2_IRQHandler  stm32_mc_common_it.o
    0x08006214   0x08006214   0x0000000a   Code   RO         1181    .text.VBS_GetAvBusVoltage_V  bus_voltage_sensor.o
    0x0800621e   0x0800621e   0x00000002   PAD
    0x08006220   0x08006220   0x00000090   Code   RO         1471    .text.VSS_CalcAvrgMecSpeedUnit  virtual_speed_sensor.o
    0x080062b0   0x080062b0   0x000000aa   Code   RO         1469    .text.VSS_CalcElAngle  virtual_speed_sensor.o
    0x0800635a   0x0800635a   0x00000002   PAD
    0x0800635c   0x0800635c   0x0000001a   Code   RO         1467    .text.VSS_Clear     virtual_speed_sensor.o
    0x08006376   0x08006376   0x00000002   PAD
    0x08006378   0x08006378   0x00000004   Code   RO         1465    .text.VSS_Init      virtual_speed_sensor.o
    0x0800637c   0x0800637c   0x00000094   Code   RO         1473    .text.VSS_SetMecAcceleration  virtual_speed_sensor.o
    0x08006410   0x08006410   0x00000022   Code   RO         1479    .text.VSS_SetStartTransition  virtual_speed_sensor.o
    0x08006432   0x08006432   0x00000002   PAD
    0x08006434   0x08006434   0x00000006   Code   RO         1483    .text.VSS_TransitionEnded  virtual_speed_sensor.o
    0x0800643a   0x0800643a   0x00000002   PAD
    0x0800643c   0x0800643c   0x00000b02   Code   RO           11    .text.main          main.o
    0x08006f3e   0x08006f3e   0x00000002   PAD
    0x08006f40   0x08006f40   0x0000013a   Code   RO          168    .text.mc_lock_pins  mc_tasks.o
    0x0800707a   0x0800707a   0x00000018   Code   RO         1590    x$fpl$dcmpinf       fz_wm.l(dcmpi.o)
    0x08007092   0x08007092   0x00000002   PAD
    0x08007094   0x08007094   0x00000078   Code   RO         1564    x$fpl$deqf          fz_wm.l(deqf.o)
    0x0800710c   0x0800710c   0x0000005e   Code   RO         1551    x$fpl$dfix          fz_wm.l(dfix.o)
    0x0800716a   0x0800716a   0x00000026   Code   RO         1555    x$fpl$dfltu         fz_wm.l(dflt_clz.o)
    0x08007190   0x08007190   0x00000078   Code   RO         1566    x$fpl$dgeqf         fz_wm.l(dgeqf.o)
    0x08007208   0x08007208   0x00000078   Code   RO         1568    x$fpl$dleqf         fz_wm.l(dleqf.o)
    0x08007280   0x08007280   0x00000154   Code   RO         1561    x$fpl$dmul          fz_wm.l(dmul.o)
    0x080073d4   0x080073d4   0x0000009c   Code   RO         1570    x$fpl$dnaninf       fz_wm.l(dnaninf.o)
    0x08007470   0x08007470   0x0000000c   Code   RO         1572    x$fpl$dretinf       fz_wm.l(dretinf.o)
    0x0800747c   0x0800747c   0x00000054   Code   RO         1549    x$fpl$fcmp          fz_wm.l(dcmp.o)
    0x080074d0   0x080074d0   0x0000001a   Code   RO         1661    x$fpl$fpinit        fz_wm.l(fpinit.o)
    0x080074ea   0x080074ea   0x00000000   Code   RO         1574    x$fpl$usenofp       fz_wm.l(usenofp.o)
    0x080074ea   0x080074ea   0x00000002   PAD
    0x080074ec   0x080074ec   0x00000008   Data   RO          380    .rodata..L__const.RI_GetRegCommandParser.GetRegFcts  mcp.o
    0x080074f4   0x080074f4   0x00000008   Data   RO          379    .rodata..L__const.RI_SetRegCommandParser.SetRegFcts  mcp.o
    0x080074fc   0x080074fc   0x00000010   Data   RO         1169    .rodata.AHBPrescTable  system_stm32g4xx.o
    0x0800750c   0x0800750c   0x00000008   Data   RO         1170    .rodata.APBPrescTable  system_stm32g4xx.o
    0x08007514   0x08007514   0x00000044   Data   RO          341    .rodata.Bemf_ADC_ParamsM1  mc_parameters.o
    0x08007558   0x08007558   0x00000006   Data   RO          401    .rodata.CHANNEL_OFFSET_TAB  usart_aspep_driver.o
    0x0800755e   0x0800755e   0x00000100   Data   RO          446    .rodata.CRC4_Lookup8  aspep.o
    0x0800765e   0x0800765e   0x0000000d   Data   RO          410    .rodata.CTL_BOARD   mc_configuration_registers.o
    0x0800766b   0x0800766b   0x00000014   Data   RO          411    .rodata.FIRMWARE_NAME  mc_configuration_registers.o
    0x0800767f   0x0800767f   0x00000001   PAD
    0x08007680   0x08007680   0x00000010   Data   RO          419    .rodata.M1_ApplicationConfig_reg  mc_configuration_registers.o
    0x08007690   0x08007690   0x0000003c   Data   RO          417    .rodata.M1_MotorConfig_reg  mc_configuration_registers.o
    0x080076cc   0x080076cc   0x0000000d   Data   RO          413    .rodata.M1_PWR_BOARD  mc_configuration_registers.o
    0x080076d9   0x080076d9   0x0000000b   Data   RO          415    .rodata.M1_SixStepConfig_reg  mc_configuration_registers.o
    0x080076e4   0x080076e4   0x0000001c   Data   RO          339    .rodata.PWMC_ParamsM1  mc_parameters.o
    0x08007700   0x08007700   0x00000010   Data   RO          447    .rodata.cst16       aspep.o
    0x08007710   0x08007710   0x0000000a   Data   RO          412    .rodata.globalConfig_reg  mc_configuration_registers.o
    0x0800771a   0x0800771a   0x00000002   PAD
    0x0800771c   0x0800771c   0x00000020   Data   RO         1736    Region$$Table       anon$$obj.o


    Execution Region RW_IRAM1 (Exec base: 0x20000000, Load base: 0x08007740, Size: 0x00001d48, Max: 0x00008000, ABSOLUTE, COMPRESSED[0x000001e8])

    Exec Addr    Load Addr    Size         Type   Attr      Idx    E Section Name        Object

    0x20000000   COMPRESSED   0x00000008   Data   RW          645    .data..L_MergedGlobals  stm32g4xx_hal.o
    0x20000008   COMPRESSED   0x00000004   Data   RW          420    .data.ApplicationConfig_reg  mc_configuration_registers.o
    0x2000000c   COMPRESSED   0x00000100   Data   RW          102    .data.Bemf_ADC_M1   mc_config.o
    0x2000010c   COMPRESSED   0x0000001c   Data   RW          118    .data.BusVoltageSensor_M1  mc_config_common.o
    0x20000128   COMPRESSED   0x0000002c   Data   RW          139    .data.MCPA_UART_A   mcp_config.o
    0x20000154   COMPRESSED   0x00000010   Data   RW          134    .data.MCP_Over_UartA  mcp_config.o
    0x20000164   COMPRESSED   0x00000024   Data   RW          107    .data.Mci           mc_config.o
    0x20000188   COMPRESSED   0x00000004   Data   RW          418    .data.MotorConfig_reg  mc_configuration_registers.o
    0x2000018c   COMPRESSED   0x0000002c   Data   RW           99    .data.PIDSpeedHandle_M1  mc_config.o
    0x200001b8   COMPRESSED   0x00000034   Data   RW          103    .data.PWM_Handle_M1  mc_config.o
    0x200001ec   COMPRESSED   0x00000004   Data   RW          414    .data.PWR_BOARD_NAME  mc_configuration_registers.o
    0x200001f0   COMPRESSED   0x00000010   Data   RW          119    .data.PotRegConv_M1  mc_config_common.o
    0x20000200   COMPRESSED   0x00000058   Data   RW          101    .data.RevUpControlM1  mc_config.o
    0x20000258   COMPRESSED   0x000000f4   Data   RW          340    .data.SixPwm_TimerCfgM1  mc_parameters.o
    0x2000034c   COMPRESSED   0x00000004   Data   RW          416    .data.SixStepConfig_reg  mc_configuration_registers.o
    0x20000350   COMPRESSED   0x00000024   Data   RW          121    .data.SpeedPotentiometer_M1  mc_config_common.o
    0x20000374   COMPRESSED   0x00000030   Data   RW          100    .data.SpeednTorqCtrlM1  mc_config.o
    0x200003a4   COMPRESSED   0x00000001   Data   RW          315    .data.SysTick_Handler.SystickDividerCounter  stm32_mc_common_it.o
    0x200003a5   COMPRESSED   0x00000003   PAD
    0x200003a8   COMPRESSED   0x00000004   Data   RW         1168    .data.SystemCoreClock  system_stm32g4xx.o
    0x200003ac   COMPRESSED   0x00000010   Data   RW          114    .data.TempRegConv_M1  mc_config_common.o
    0x200003bc   COMPRESSED   0x0000001c   Data   RW          115    .data.TempSensor_M1  mc_config_common.o
    0x200003d8   COMPRESSED   0x00000014   Data   RW          128    .data.UASPEP_A      mcp_config.o
    0x200003ec   COMPRESSED   0x00000010   Data   RW          116    .data.VbusRegConv_M1  mc_config_common.o
    0x200003fc   COMPRESSED   0x00000038   Data   RW          113    .data.VirtualSpeedSensorM1  mc_config_common.o
    0x20000434   COMPRESSED   0x00000074   Data   RW          133    .data.aspepOverUartA  mcp_config.o
    0x200004a8   COMPRESSED   0x00000004   Data   RW          104    .data.pSTC          mc_config.o
    0x200004ac   COMPRESSED   0x00000010   Data   RW          342    .data.scaleParams_M1  mc_parameters.o
    0x200004bc   COMPRESSED   0x00000004   PAD
    0x200004c0        -       0x00000060   Zero   RW         1603    .bss                c_w.l(libspace.o)
    0x20000520        -       0x00000008   Zero   RW          170    .bss..L_MergedGlobals  mc_tasks.o
    0x20000528        -       0x00000050   Zero   RW          223    .bss..L_MergedGlobals  regular_conversion_manager.o
    0x20000578        -       0x00000004   Zero   RW         1501    .bss.GLOBAL_TIMESTAMP  mcpa.o
    0x2000057c        -       0x00000806   Zero   RW          131    .bss.MCPAsyncBuffUARTA_A  mcp_config.o
    0x20000d82   COMPRESSED   0x00000002   PAD
    0x20000d84        -       0x00000806   Zero   RW          132    .bss.MCPAsyncBuffUARTA_B  mcp_config.o
    0x2000158a   COMPRESSED   0x00000002   PAD
    0x2000158c        -       0x00000082   Zero   RW          129    .bss.MCPSyncRXBuff  mcp_config.o
    0x2000160e   COMPRESSED   0x00000002   PAD
    0x20001610        -       0x00000086   Zero   RW          130    .bss.MCPSyncTxBuff  mcp_config.o
    0x20001696   COMPRESSED   0x00000002   PAD
    0x20001698        -       0x00000008   Zero   RW          140    .bss.MCP_UserCallBack  mcp_config.o
    0x200016a0        -       0x00000002   Zero   RW          362    .bss.RI_GetPtrReg.nullData16  register_interface.o
    0x200016a2        -       0x0000000c   Zero   RW          117    .bss.RealBusVoltageSensorFilterBufferM1  mc_config_common.o
    0x200016ae        -       0x00000008   Zero   RW          106    .bss.SixStepVars    mc_config.o
    0x200016b6        -       0x00000020   Zero   RW          120    .bss.SpeedPotentiometer_ValuesBuffer_M1  mc_config_common.o
    0x200016d6   COMPRESSED   0x00000002   PAD
    0x200016d8        -       0x00000028   Zero   RW          135    .bss.dataPtrTableA  mcp_config.o
    0x20001700        -       0x00000028   Zero   RW          136    .bss.dataPtrTableBuffA  mcp_config.o
    0x20001728        -       0x0000000a   Zero   RW          137    .bss.dataSizeTableA  mcp_config.o
    0x20001732        -       0x0000000a   Zero   RW          138    .bss.dataSizeTableBuffA  mcp_config.o
    0x2000173c        -       0x00000004   Zero   RW           28    .bss.pMCI           motorcontrol.o
    0x20001740        -       0x00000004   Zero   RW          122    .bss.pwmcHandle     mc_config_common.o
    0x20001744        -       0x00000004   Zero   RW          644    .bss.uwTick         stm32g4xx_hal.o
    0x20001748        -       0x00000200   Zero   RW            2    HEAP                startup_stm32g431xx.o
    0x20001948        -       0x00000400   Zero   RW            1    STACK               startup_stm32g431xx.o


==============================================================================

Image component sizes


      Code (inc. data)   RO Data    RW Data    ZI Data      Debug   Object Name

      2314          0        272          0          0      15366   aspep.o
        10          0          0          0          0       1449   bus_voltage_sensor.o
      2860          0          0          0          0      20668   g4xx_bemf_adc_fdbk.o
      3210          0          0          0          0      24451   main.o
        42          0          0          0          0       9943   mc_api.o
        62          0          0          0          0       7234   mc_app_hooks.o
         0          0          0        528          8      11172   mc_config.o
         0          0          0        196         48       9557   mc_config_common.o
         0          0        143         16          0       2115   mc_configuration_registers.o
       358          0          0          0          0      13054   mc_interface.o
         0          0         96        260          0       3546   mc_parameters.o
       960          0          0          0          8      10423   mc_tasks.o
      1468         42          0          0          0       9576   mc_tasks_sixstep.o
       728        114         16          0          0      12392   mcp.o
         0          0          0        196       4480       4469   mcp_config.o
      1240          0          0          0          4       5071   mcpa.o
        64          0          0          0          4       8250   motorcontrol.o
       170          0          0          0          0       3046   ntc_temperature_sensor.o
       292          0          0          0          0       6030   pid_regulator.o
       114          0          0          0          0       1948   potentiometer.o
      1038          0          0          0          0      10255   pwmc_sixstep.o
       334          0          0          0          0       2988   r_divider_bus_voltage_sensor.o
      3746         46          0          0          2      29544   register_interface.o
      1168          0          0          0         80       8364   regular_conversion_manager.o
       450          0          0          0          0       8688   revup_ctrl_sixstep.o
       446          0          0          0          0       6338   speed_ctrl.o
       100          0          0          0          0       3103   speed_pos_fdbk.o
       204          0          0          0          0       8526   speed_potentiometer.o
        64         26        472          0       1536        884   startup_stm32g431xx.o
       586          0          0          1          0       7204   stm32_mc_common_it.o
       150          0          0          8          4       9230   stm32g4xx_hal.o
       168          0          0          0          0      10333   stm32g4xx_hal_cortex.o
        64          0          0          0          0       1781   stm32g4xx_hal_msp.o
        18          0          0          0          0       9937   stm32g4xx_hal_pwr_ex.o
        12          0          0          0          0       9938   stm32g4xx_hal_rcc.o
       262          0          0          0          0       7379   stm32g4xx_ll_adc.o
       416         12          0          0          0       3578   stm32g4xx_ll_exti.o
       226          0          0          0          0       4016   stm32g4xx_ll_gpio.o
      1052          0          0          0          0      19667   stm32g4xx_ll_rcc.o
      1294          0          0          0          0      13756   stm32g4xx_ll_tim.o
       316         48          0          0          0       5945   stm32g4xx_ll_usart.o
        12          0          0          0          0      11727   stm32g4xx_ll_utils.o
       328          0          0          0          0       7449   stm32g4xx_mc_it.o
        18          0         24          4          0       2802   system_stm32g4xx.o
       498          0          6          0          0       6701   usart_aspep_driver.o
       532          0          0          0          0       5514   virtual_speed_sensor.o

    ----------------------------------------------------------------------
     27590        288       1064       1212       6188     395407   Object Totals
         0          0         32          0          0          0   (incl. Generated)
       196          0          3          3         14          0   (incl. Padding)

    ----------------------------------------------------------------------

      Code (inc. data)   RO Data    RW Data    ZI Data      Debug   Library Member Name

        90          0          0          0          0          0   __dczerorl2.o
         8          0          0          0          0         68   __main.o
         0          0          0          0          0          0   __rtentry.o
        12          0          0          0          0          0   __rtentry2.o
         6          0          0          0          0          0   __rtentry4.o
        52          8          0          0          0          0   __scatter.o
        28          0          0          0          0          0   __scatter_zi.o
        18          0          0          0          0         80   exit.o
         6          0          0          0          0        152   heapauxi.o
         0          0          0          0          0          0   indicate_semi.o
         2          0          0          0          0          0   libinit.o
         6          0          0          0          0          0   libinit2.o
         2          0          0          0          0          0   libshutdown.o
         2          0          0          0          0          0   libshutdown2.o
         8          4          0          0         96         68   libspace.o
        68          0          0          0          0         68   rt_memclr.o
        78          0          0          0          0         80   rt_memclr_w.o
       138          0          0          0          0         68   rt_memcpy_v6.o
       100          0          0          0          0         80   rt_memcpy_w.o
         2          0          0          0          0          0   rtexit.o
        10          0          0          0          0          0   rtexit2.o
        12          4          0          0          0         68   sys_exit.o
        74          0          0          0          0         80   sys_stackheap_outer.o
         2          0          0          0          0         68   use_no_semi.o
        84          0          0          0          0        244   dcmp.o
        24          0          0          0          0        116   dcmpi.o
       120          4          0          0          0        140   deqf.o
        94          4          0          0          0        140   dfix.o
        38          0          0          0          0        116   dflt_clz.o
       120          4          0          0          0        140   dgeqf.o
       120          4          0          0          0        140   dleqf.o
       340         12          0          0          0        152   dmul.o
       156          4          0          0          0        140   dnaninf.o
        12          0          0          0          0        116   dretinf.o
        26          0          0          0          0        116   fpinit.o
         0          0          0          0          0          0   usenofp.o

    ----------------------------------------------------------------------
      1870         48          0          0         96       2440   Library Totals
        12          0          0          0          0          0   (incl. Padding)

    ----------------------------------------------------------------------

      Code (inc. data)   RO Data    RW Data    ZI Data      Debug   Library Name

       724         16          0          0         96        880   c_w.l
      1134         32          0          0          0       1560   fz_wm.l

    ----------------------------------------------------------------------
      1870         48          0          0         96       2440   Library Totals

    ----------------------------------------------------------------------

==============================================================================


      Code (inc. data)   RO Data    RW Data    ZI Data      Debug   

     29460        336       1064       1212       6284     395703   Grand Totals
     29460        336       1064        488       6284     395703   ELF Image Totals (compressed)
     29460        336       1064        488          0          0   ROM Totals

==============================================================================

    Total RO  Size (Code + RO Data)                30524 (  29.81kB)
    Total RW  Size (RW Data + ZI Data)              7496 (   7.32kB)
    Total ROM Size (Code + RO Data + RW Data)      31012 (  30.29kB)

==============================================================================

